bringing up nodes...
bringing up nodes...

........................................................................ [  0%]
.......................................................................F [  0%]
.FF.........F........................................................... [  0%]
........................................................................ [  0%]
........................................................................ [  0%]
........................................................................ [  1%]
.............F.......................................................... [  1%]
........................................................................ [  1%]
.............................................................Traceback (most recent call last):
  File "C:\Users\chira\kova-agent\.venv\Lib\site-packages\concurrent_log_handler\__init__.py", line 454, in emit
    msg = self.format(record)
          ^^^^^^^^^^^^^^^^^^^
  File "C:\Users\chira\AppData\Local\kova\hermes-agent\.hermes-runtime\python\generation-1787421594-21304-dfed36d7\cpython-3.11-windows-x86_64-none\Lib\logging\__init__.py", line 953, in format
    return fmt.format(record)
           ^^^^^^^^^^^^^^^^^^
  File "C:\Users\chira\kova-agent\agent\redact.py", line 1427, in format
    return redact_sensitive_text(original)
           ^^^^^^^^^^^^^^^^^^^^^^^^^^^^^^^
  File "C:\Users\chira\kova-agent\tests\agent\test_trace_upload.py", line 70, in boom
    raise RuntimeError("redactor unavailable")
RuntimeError: redactor unavailable
........... [  1%]
....................................F....F.........F.................... [  1%]
........................................................................ [  2%]
........................................................................ [  2%]
....................F.........F...F..................................F.. [  2%]
.......................F...................F...........................s [  2%]
........................................................................ [  2%]
.....................................s.................................. [  3%]
........................................................................ [  3%]
...............................................F..F..................... [  3%]
.................................................................ss..... [  3%]
..................s......................................s.............. [  3%]
...........FF........................................................... [  4%]
...........................................ss........................... [  4%]
......................................................................F. [  4%]
.F....F................................................................. [  4%]
........................................................................ [  4%]
........................................................................ [  5%]
......................................................F.....F....F....F. [  5%]
...F.....F.............................................................. [  5%]
........................................................................ [  5%]
........................................................................ [  5%]
.................................................................F...... [  6%]
........................................................................ [  6%]
.........................................s.............................. [  6%]
........................................................................ [  6%]
........................................................................ [  6%]
........................................................................ [  6%]
........................................................................ [  7%]
..........s.ss.s.sss.................................................... [  7%]
........................................................................ [  7%]
....................................................................F..F [  7%]
........................................................................ [  7%]
....ssssssssss.......................................................... [  8%]
........................................................................ [  8%]
................................F..........................s............ [  8%]
........................................................................ [  8%]
........................................................................ [  8%]
........................................................................ [  9%]
........................................................................ [  9%]
........................................................................ [  9%]
........................................................................ [  9%]
.............................F.......................................... [  9%]
.......................................................................F [ 10%]
.................................F....F..F..F...F....F...F...F..F...F... [ 10%]
F.................................................F..................... [ 10%]
...............................................................s..s..... [ 10%]
........................................................................ [ 10%]
........................................................................ [ 11%]
...........F.............................F.................F............ [ 11%]
.F..F..F..F..F.......................................................... [ 11%]
F....F...F.....................F.............sssss...................... [ 11%]
...............F........................................................ [ 11%]
........................................................................ [ 12%]
.....................F....................................F............. [ 12%]
........................................................................ [ 12%]
............................................F..F..F.F..F................ [ 12%]
.........................F.............................................. [ 12%]
........................................................................ [ 13%]
........................................................................ [ 13%]
......F..................................FF............................. [ 13%]
........................................................................ [ 13%]
........................................................................ [ 13%]
...........................................................F............ [ 13%]
........................................................................ [ 14%]
........................................................................ [ 14%]
........................................................................ [ 14%]
........................................................................ [ 14%]
........................................................................ [ 14%]
........................................................................ [ 15%]
........................................................................ [ 15%]
................................................F...F................F.. [ 15%]
.....FF................................................................. [ 15%]
........................................................................ [ 15%]
.......................................................s................ [ 16%]
........................................................................ [ 16%]
..........FF...................................F........................ [ 16%]
........................................................................ [ 16%]
..............F........................................ssssssss......... [ 16%]
........................................................................ [ 17%]
.................ssssssssss.s.s.sssssssssss.ss.s.sssssssssss.ssss.s.ssss [ 17%]
ssss.sss.s.sss.........................................................s [ 17%]
s..sssssss.ssssss.ss.................................................... [ 17%]
........................................................................ [ 17%]
........................................................................ [ 18%]
........................................................................ [ 18%]
........................................................................ [ 18%]
........................................................................ [ 18%]
........................................................................ [ 18%]
........................................................................ [ 19%]
........................................................................ [ 19%]
........................................................................ [ 19%]
........................................................................ [ 19%]
...........................................................s.....s...... [ 19%]
....F......................................s.....s...................... [ 19%]
..........................................F............................. [ 20%]
........................................................................ [ 20%]
..........ssss.sssssssssss.............F......F......................... [ 20%]
........................................................................ [ 20%]
........................................................................ [ 20%]
........................................................................ [ 21%]
.......................................................s................ [ 21%]
........................................................................ [ 21%]
........................................................................ [ 21%]
........................................................................ [ 21%]
........................................................................ [ 22%]
........................................................F...Fsss........ [ 22%]
........................................................................ [ 22%]
...............F........................................................ [ 22%]
......................F......................................F.......... [ 22%]
.................F...................................................... [ 23%]
........................................................................ [ 23%]
..................F..................................s.....F........s... [ 23%]
......................F..............................................F.. [ 23%]
...........F.....F...F...F...........F...F.............................. [ 23%]
....................................................s................... [ 24%]
........................................................................ [ 24%]
........................................F.F............................. [ 24%]
........................................................................ [ 24%]
.........F..F.F..F.....F......F.F.F..F..F..F.F.F..F..F........F..F.F.... [ 24%]
........................................................................ [ 25%]
..............ss........................................F............... [ 25%]
..................F....F................................................ [ 25%]
...s............s......F................................................ [ 25%]
........................................................................ [ 25%]
..............................F..F........F............................. [ 26%]
.........F...F.F.............F.......................................... [ 26%]
............F..F........................................................ [ 26%]
...................................................F........F........... [ 26%]
.............................F..F....................................... [ 26%]
.................ssss................................................... [ 26%]
......................F........F..........................F....F........ [ 27%]
.F..............................................F....................... [ 27%]
................F......F.......F........................................ [ 27%]
.......F..................................F............................. [ 27%]
.........................F....................................F......... [ 27%]
........................................................................ [ 28%]
........................................................................ [ 28%]
.............................F..................F..F....F..F....F....... [ 28%]
........F....................................ssss.ss.................... [ 28%]
...s.....Fssssssss.................................F.................... [ 28%]
..........F.................F...F....................................... [ 29%]
........................F............................................... [ 29%]
........................................................................ [ 29%]
........................................................................ [ 29%]
........................................................................ [ 29%]
........................................................................ [ 30%]
........................................................................ [ 30%]
........................................................................ [ 30%]
........................................................................ [ 30%]
............F....F.s.........F....sssssFssssss........................F. [ 30%]
..F...F.....F.....F..F..F.....F...F....F..F...F.....F...F...F.....F.ssss [ 31%]
.sssss...............................................................F.. [ 31%]
F...................F.................................................F. [ 31%]
................................F.F...............................F..... [ 31%]
........................................................................ [ 31%]
.............F.....Fssss.sss.s...s...................F.................. [ 32%]
.............................F.......................................... [ 32%]
................................F....................................... [ 32%]
........................................................................ [ 32%]
.........................................................F.............. [ 32%]
........................................................................ [ 32%]
...ss................................................................... [ 33%]
.....s................F................................................. [ 33%]
..........F............................................................. [ 33%]
........................................................................ [ 33%]
................................................sssssss................. [ 33%]
........................................................................ [ 34%]
........................................................................ [ 34%]
........................................................................ [ 34%]
........................................................................ [ 34%]
........................................................................ [ 34%]
........................................................................ [ 35%]
.............................F...F.ss................................... [ 35%]
.............................................x.......................... [ 35%]
s.FF.................................................................... [ 35%]
...............................................x........................ [ 35%]
........................................................................ [ 36%]
........................................................................ [ 36%]
...........................................................s............ [ 36%]
........................................................................ [ 36%]
........................................................................ [ 36%]
.........................................................s.............. [ 37%]
........................................................................ [ 37%]
........................................................................ [ 37%]
..............F.F..F.................................................... [ 37%]
...............................................................F....F... [ 37%]
........................................................................ [ 38%]
..........F......................F......F........F...................... [ 38%]
.....................................F............................sss... [ 38%]
......................................................sss.s............. [ 38%]
........................................................................ [ 38%]
........................................................................ [ 39%]
....................ssss.........s...................................... [ 39%]
........................................................................ [ 39%]
........................................................................ [ 39%]
........................................................................ [ 39%]
...........................F....F....F.....F...F....F..FF..F..F.F..F.F.. [ 39%]
.F...F...F....F..............F.s........................................ [ 40%]
.....................ss..........F.F..F......................F.......... [ 40%]
.........................................F..................F........... [ 40%]
......................................s.....F..........................s [ 40%]
....................F............................F...................... [ 40%]
................................................ss.ss...F..........F.... [ 41%]
......................F.............F................................... [ 41%]
......................s........................................F........ [ 41%]
........................................................................ [ 41%]
......ssssss...F.........E.F..............................s............. [ 41%]
........................................................................ [ 42%]
..F.....F............................................................... [ 42%]
............F.......................................................ssss [ 42%]
s....F.........F.............F..................F....................... [ 42%]
.......................................F...................ss........... [ 42%]
...........................F...F..F............................F...F.F.. [ 43%]
.F.F..FF....F..........F..............................................F. [ 43%]
..F.................................................................s... [ 43%]
........................................................................ [ 43%]
....................s........F.............F.......s...s...s.sss........ [ 43%]
.............................sss.ss............s........................ [ 44%]
...........................................F.F..F....................F.. [ 44%]
......F..F..........F............s...................................... [ 44%]
........................................................................ [ 44%]
.............FFs.s.F....s.............F...............F..........sss.ss. [ 44%]
.........s....s.......ss.s..............ss.............................. [ 45%]
......................F.FFF.FF.........F................................ [ 45%]
..........................................................ss.....F.....F [ 45%]
..F.............................................F.......FFF.F..F........ [ 45%]
.......................F.FF............................................. [ 45%]
..................................................................F..... [ 45%]
...................F...F..............F...FFF......................s.... [ 46%]
....................F.......F......F........F............Fs.......F....F [ 46%]
......F.....FF.......F......F..........F..................F............. [ 46%]
........................................................................ [ 46%]
........F.........F...............F.............F......................F [ 46%]
........................F...........F.................F..F.F.....F...... [ 47%]
F.......F.....................................F.......F................F [ 47%]
....s.............................F....F............F..........F........ [ 47%]
..................F........F.......F.......s............................ [ 47%]
...............F..................................................F.s... [ 47%]
...............................................F........................ [ 48%]
........................................................................ [ 48%]
..........................................................s............. [ 48%]
.............................................................F...F...... [ 48%]
.........................F.........................F.................... [ 48%]
.................................sss.......................s............ [ 49%]
........................F.s.............s.......................F....... [ 49%]
..s...........F..........F.............................................. [ 49%]
.......F..F...................F.............F.........F................. [ 49%]
.......F............F...........F.....F...FF.F..F...F.....s............. [ 49%]
..FF...F......................................................F.....F... [ 50%]
....................F.F............E......E.....E.......E.......E....... [ 50%]
................................................F....................... [ 50%]
......................................................................F. [ 50%]
.Fs.............F..s........F.F................F........................ [ 50%]
...F.F....F.F.F.............F...s....................................... [ 51%]
...........................................................s............ [ 51%]
........................................................................ [ 51%]
...................................F.................................... [ 51%]
................................s....F.................................. [ 51%]
F.................................s..................................... [ 52%]
......................................................s..F.....F....F... [ 52%]
..F.sss..........F.F......s.sss.s................................sssss.s [ 52%]
ssss.ssssssss.sssssssss................................................. [ 52%]
...............................F..F.F................................... [ 52%]
........F.F............................................................. [ 52%]
.......................................F................................ [ 53%]
........................................................................ [ 53%]
...........................ss........................................... [ 53%]
..........F.........................F...F.........................Fs.... [ 53%]
........................................................................ [ 53%]
........................................................................ [ 54%]
........................................................................ [ 54%]
........................................................................ [ 54%]
...............................................................F..F..F.. [ 54%]
F.................F..F.........................F.F............s...F..... [ 54%]
.................F.....................sssF.F....s...................... [ 55%]
..........................................F....F....F.F................. [ 55%]
...............................................F................F....... [ 55%]
..............F......................................................... [ 55%]
..........................................F.F.......F................... [ 55%]
....................F............................F......F.....F.F....... [ 56%]
........F................................F...s.................F........ [ 56%]
...........F..............F............................................. [ 56%]
............F........................................................... [ 56%]
.....................F.................................................. [ 56%]
......................................F..............F........FF........ [ 57%]
.......................................F...F.....F....FF....F........... [ 57%]
.........FF...F...................................ss.................... [ 57%]
......................................................................F. [ 57%]
.....F........F...................F..................................... [ 57%]
......F........F.......F.............F...............F......F....F...... [ 58%]
.............F.F....................F....................F.............F [ 58%]
................F.................F...................F............F.... [ 58%]
........................F........F...........F..............F..........F [ 58%]
.........F..................F....................F...................... [ 58%]
................s...............ssss.................................... [ 59%]
.........................F.............................................. [ 59%]
......................................................................F. [ 59%]
........................................................................ [ 59%]
........................................................................ [ 59%]
........................................................................ [ 59%]
........................................................................ [ 60%]
...........................................F............................ [ 60%]
........................................................................ [ 60%]
............................................F........................... [ 60%]
.............F...................................................F.F.... [ 60%]
........................................................................ [ 61%]
........................................................................ [ 61%]
........ss.s.....................................................F...... [ 61%]
........................................................................ [ 61%]
........................................................................ [ 61%]
........................................................................ [ 62%]
..........................F............................................. [ 62%]
........................................................................ [ 62%]
........................................................F..F...F.F...F.F [ 62%]
..F...F..F..F........................................................... [ 62%]
........................................................................ [ 63%]
........................................................................ [ 63%]
........................................................................ [ 63%]
........................................................................ [ 63%]
........................................................................ [ 63%]
...............F.F.........................................F......F..F.. [ 64%]
.F...F.........F........................................................ [ 64%]
........................................................................ [ 64%]
........................................................................ [ 64%]
.....F.....F..F..............s.ss.....s............................ssss. [ 64%]
sssssss................................................................. [ 65%]
........................................................................ [ 65%]
...ssssssss.............................................F............... [ 65%]
....s............................................F..F......F...FF...F.F. [ 65%]
.............F..F.Fss..........................................F.....F.. [ 65%]
......F.......FF.F......FF...........Fsssssssssss...F................... [ 65%]
........F.........................F..................................... [ 66%]
.........................F.........................F................F... [ 66%]
...[gw2] node down: Not properly terminated
F.......F......................F.............F.......................... [ 66%]
..........F...................F........F................................ [ 66%]
.......ssssss........................................................... [ 66%]
..................................ss.................................... [ 67%]
........................................................................ [ 67%]
........................................................................ [ 67%]
........................................................................ [ 67%]
....................................................F...F.F.F.......F... [ 67%]
..F...F....F..F........F.......F..ssss....F.........F....F..F........... [ 68%]
..................F.....s.......................F....................... [ 68%]
...............E.F..E.F..E.F.F.E...E.F..E.......E..F.E.....E............ [ 68%]
.............F...................................sss.................... [ 68%]
...............................................................F........ [ 68%]
F...........F................................................F..F..F..F. [ 69%]
.F.FF.....F............................................................. [ 69%]
.......................................................F..s............. [ 69%]
........F................F.F....F.FFF.FF................................ [ 69%]
....................................................F.............F..... [ 69%]
...............F...................................F.................... [ 70%]
.......................s.s.s......F..................................... [ 70%]
........................................................................ [ 70%]
.................F...................F.................................. [ 70%]
...F.................................................................... [ 70%]
.F..................F.........................F.F..F.FF.F.FF............ [ 71%]
...............................................................F........ [ 71%]
...........................F....F....F...[gateway-turn] AttributeError: 'types.SimpleNamespace' object has no attribute 'run_conversation'
.F...F.FF.FF.ss....F........F.. [ 71%]
....F.........................................s.....................F... [ 71%]
..............F..F...............................................sssss.s [ 71%]
sss..................................................................... [ 71%]
................................F..................................sss.. [ 72%]
........................................................................ [ 72%]
........................................................................ [ 72%]
........................................................................ [ 72%]
...............................F........................................ [ 72%]
........................................................................ [ 73%]
........................................................................ [ 73%]
.......s.s...................................................F.......... [ 73%]
..F........................sss.ssssss...................F....ssssFs..... [ 73%]
F....uFu...F.uuu....Fs..................s...........F.ss........F....... [ 73%]
.................................sssssssss.............................. [ 74%]
..........F..F...u.u................................F................... [ 74%]
...s......s.sssss............s..................................F....... [ 74%]
.F....F....F.....F...F..sssF....F.....F.....F..F.F.F..F..F...F........F. [ 74%]
....F.F..F..........................................................FF.. [ 74%]
.F.F..F..F.F..F..F.F...F.FF.F.F......................................... [ 75%]
............................................................F.......F... [ 75%]
........................................................................ [ 75%]
........................................................................ [ 75%]
........................................................................ [ 75%]
........................................................................ [ 76%]
...................................F........F........................... [ 76%]
..F............F....F.....F...F.......ss................................ [ 76%]
........F....F.............................F...........F.........F.F.... [ 76%]
F..........F........F..F...F.....F.F.F..F...F..F.F...................... [ 76%]
..........F.................F........................................... [ 77%]
......................................F....F...F.FF...F...F..F.FF.F..... [ 77%]
...........................F.....F.FF.s.s..s.................F.......... [ 77%]
................F....................................................... [ 77%]
...................................F.................................... [ 77%]
....................................................F.......F........... [ 77%]
..............F.............................................F........... [ 78%]
.........F.............................................................. [ 78%]
........................................................................ [ 78%]
.............F.........F....F....F.....F..F...F......F...F.........F.... [ 78%]
.........F....F..F..F.F.F.FF......F..................................... [ 78%]
........................................................................ [ 79%]
........F.......F.........F.F...............s......F.................... [ 79%]
......F....F.F.FF..F.F.................................................. [ 79%]
............F..F...F........F.F.F..F.F....INTERNALERROR> def worker_internal_error(
INTERNALERROR>         self, node: WorkerController, formatted_error: str
INTERNALERROR>     ) -> None:
INTERNALERROR>         """
INTERNALERROR>         pytest_internalerror() was called on the worker.
INTERNALERROR>     
INTERNALERROR>         pytest_internalerror() arguments are an excinfo and an excrepr, which can't
INTERNALERROR>         be serialized, so we go with a poor man's solution of raising an exception
INTERNALERROR>         here ourselves using the formatted message.
INTERNALERROR>         """
INTERNALERROR>         self._active_nodes.remove(node)
INTERNALERROR>         try:
INTERNALERROR> >           assert False, formatted_error
INTERNALERROR> E           AssertionError: Traceback (most recent call last):
INTERNALERROR> E               File "C:\Users\chira\kova-agent\.venv\Lib\site-packages\_pytest\main.py", line 330, in wrap_session
INTERNALERROR> E                 session.exitstatus = doit(config, session) or 0
INTERNALERROR> E                                      ^^^^^^^^^^^^^^^^^^^^^
INTERNALERROR> E               File "C:\Users\chira\kova-agent\.venv\Lib\site-packages\_pytest\main.py", line 384, in _main
INTERNALERROR> E                 config.hook.pytest_runtestloop(session=session)
INTERNALERROR> E               File "C:\Users\chira\kova-agent\.venv\Lib\site-packages\pluggy\_hooks.py", line 512, in __call__
INTERNALERROR> E                 return self._hookexec(self.name, self._hookimpls.copy(), kwargs, firstresult)
INTERNALERROR> E                        ^^^^^^^^^^^^^^^^^^^^^^^^^^^^^^^^^^^^^^^^^^^^^^^^^^^^^^^^^^^^^^^^^^^^^^
INTERNALERROR> E               File "C:\Users\chira\kova-agent\.venv\Lib\site-packages\pluggy\_manager.py", line 120, in _hookexec
INTERNALERROR> E                 return self._inner_hookexec(hook_name, methods, kwargs, firstresult)
INTERNALERROR> E                        ^^^^^^^^^^^^^^^^^^^^^^^^^^^^^^^^^^^^^^^^^^^^^^^^^^^^^^^^^^^^^
INTERNALERROR> E               File "C:\Users\chira\kova-agent\.venv\Lib\site-packages\pluggy\_callers.py", line 167, in _multicall
INTERNALERROR> E                 raise exception
INTERNALERROR> E               File "C:\Users\chira\kova-agent\.venv\Lib\site-packages\pluggy\_callers.py", line 139, in _multicall
INTERNALERROR> E                 teardown.throw(exception)
INTERNALERROR> E               File "C:\Users\chira\kova-agent\.venv\Lib\site-packages\_pytest\logging.py", line 816, in pytest_runtestloop
INTERNALERROR> E                 return (yield)  # Run all the tests.
INTERNALERROR> E                         ^^^^^
INTERNALERROR> E               File "C:\Users\chira\kova-agent\.venv\Lib\site-packages\pluggy\_callers.py", line 139, in _multicall
INTERNALERROR> E                 teardown.throw(exception)
INTERNALERROR> E               File "C:\Users\chira\kova-agent\.venv\Lib\site-packages\_pytest\terminal.py", line 708, in pytest_runtestloop
INTERNALERROR> E                 result = yield
INTERNALERROR> E                          ^^^^^
INTERNALERROR> E               File "C:\Users\chira\kova-agent\.venv\Lib\site-packages\pluggy\_callers.py", line 121, in _multicall
INTERNALERROR> E                 res = hook_impl.function(*args)
INTERNALERROR> E                       ^^^^^^^^^^^^^^^^^^^^^^^^^
INTERNALERROR> E               File "C:\Users\chira\kova-agent\.venv\Lib\site-packages\xdist\remote.py", line 206, in pytest_runtestloop
INTERNALERROR> E                 self.run_one_test()
INTERNALERROR> E               File "C:\Users\chira\kova-agent\.venv\Lib\site-packages\xdist\remote.py", line 227, in run_one_test
INTERNALERROR> E                 self.config.hook.pytest_runtest_protocol(item=item, nextitem=nextitem)
INTERNALERROR> E               File "C:\Users\chira\kova-agent\.venv\Lib\site-packages\pluggy\_hooks.py", line 512, in __call__
INTERNALERROR> E                 return self._hookexec(self.name, self._hookimpls.copy(), kwargs, firstresult)
INTERNALERROR> E                        ^^^^^^^^^^^^^^^^^^^^^^^^^^^^^^^^^^^^^^^^^^^^^^^^^^^^^^^^^^^^^^^^^^^^^^
INTERNALERROR> E               File "C:\Users\chira\kova-agent\.venv\Lib\site-packages\pluggy\_manager.py", line 120, in _hookexec
INTERNALERROR> E                 return self._inner_hookexec(hook_name, methods, kwargs, firstresult)
INTERNALERROR> E                        ^^^^^^^^^^^^^^^^^^^^^^^^^^^^^^^^^^^^^^^^^^^^^^^^^^^^^^^^^^^^^
INTERNALERROR> E               File "C:\Users\chira\kova-agent\.venv\Lib\site-packages\pluggy\_callers.py", line 167, in _multicall
INTERNALERROR> E                 raise exception
INTERNALERROR> E               File "C:\Users\chira\kova-agent\.venv\Lib\site-packages\pluggy\_callers.py", line 139, in _multicall
INTERNALERROR> E                 teardown.throw(exception)
INTERNALERROR> E               File "C:\Users\chira\kova-agent\.venv\Lib\site-packages\_pytest\warnings.py", line 90, in pytest_runtest_protocol
INTERNALERROR> E                 return (yield)
INTERNALERROR> E                         ^^^^^
INTERNALERROR> E               File "C:\Users\chira\kova-agent\.venv\Lib\site-packages\pluggy\_callers.py", line 139, in _multicall
INTERNALERROR> E                 teardown.throw(exception)
INTERNALERROR> E               File "C:\Users\chira\kova-agent\.venv\Lib\site-packages\_pytest\assertion\__init__.py", line 205, in pytest_runtest_protocol
INTERNALERROR> E                 return (yield)
INTERNALERROR> E                         ^^^^^
INTERNALERROR> E               File "C:\Users\chira\kova-agent\.venv\Lib\site-packages\pluggy\_callers.py", line 139, in _multicall
INTERNALERROR> E                 teardown.throw(exception)
INTERNALERROR> E               File "C:\Users\chira\kova-agent\.venv\Lib\site-packages\pluggy\_callers.py", line 53, in run_old_style_hookwrapper
INTERNALERROR> E                 return result.get_result()
INTERNALERROR> E                        ^^^^^^^^^^^^^^^^^^^
INTERNALERROR> E               File "C:\Users\chira\kova-agent\.venv\Lib\site-packages\pluggy\_result.py", line 103, in get_result
INTERNALERROR> E                 raise exc.with_traceback(tb)
INTERNALERROR> E               File "C:\Users\chira\kova-agent\.venv\Lib\site-packages\pluggy\_callers.py", line 38, in run_old_style_hookwrapper
INTERNALERROR> E                 res = yield
INTERNALERROR> E                       ^^^^^
INTERNALERROR> E               File "C:\Users\chira\kova-agent\.venv\Lib\site-packages\pluggy\_callers.py", line 139, in _multicall
INTERNALERROR> E                 teardown.throw(exception)
INTERNALERROR> E               File "C:\Users\chira\kova-agent\.venv\Lib\site-packages\_pytest\unittest.py", line 612, in pytest_runtest_protocol
INTERNALERROR> E                 return (yield)
INTERNALERROR> E                         ^^^^^
INTERNALERROR> E               File "C:\Users\chira\kova-agent\.venv\Lib\site-packages\pluggy\_callers.py", line 139, in _multicall
INTERNALERROR> E                 teardown.throw(exception)
INTERNALERROR> E               File "C:\Users\chira\kova-agent\.venv\Lib\site-packages\_pytest\faulthandler.py", line 102, in pytest_runtest_protocol
INTERNALERROR> E                 return (yield)
INTERNALERROR> E                         ^^^^^
INTERNALERROR> E               File "C:\Users\chira\kova-agent\.venv\Lib\site-packages\pluggy\_callers.py", line 121, in _multicall
INTERNALERROR> E                 res = hook_impl.function(*args)
INTERNALERROR> E                       ^^^^^^^^^^^^^^^^^^^^^^^^^
INTERNALERROR> E               File "C:\Users\chira\kova-agent\.venv\Lib\site-packages\_pytest\runner.py", line 118, in pytest_runtest_protocol
INTERNALERROR> E                 runtestprotocol(item, nextitem=nextitem)
INTERNALERROR> E               File "C:\Users\chira\kova-agent\.venv\Lib\site-packages\_pytest\runner.py", line 139, in runtestprotocol
INTERNALERROR> E                 reports.append(call_and_report(item, "call", log))
INTERNALERROR> E                                ^^^^^^^^^^^^^^^^^^^^^^^^^^^^^^^^^^
INTERNALERROR> E               File "C:\Users\chira\kova-agent\.venv\Lib\site-packages\_pytest\runner.py", line 254, in call_and_report
INTERNALERROR> E                 report: TestReport = ihook.pytest_runtest_makereport(item=item, call=call)
INTERNALERROR> E                                      ^^^^^^^^^^^^^^^^^^^^^^^^^^^^^^^^^^^^^^^^^^^^^^^^^^^^^
INTERNALERROR> E               File "C:\Users\chira\kova-agent\.venv\Lib\site-packages\pluggy\_hooks.py", line 512, in __call__
INTERNALERROR> E                 return self._hookexec(self.name, self._hookimpls.copy(), kwargs, firstresult)
INTERNALERROR> E                        ^^^^^^^^^^^^^^^^^^^^^^^^^^^^^^^^^^^^^^^^^^^^^^^^^^^^^^^^^^^^^^^^^^^^^^
INTERNALERROR> E               File "C:\Users\chira\kova-agent\.venv\Lib\site-packages\pluggy\_manager.py", line 120, in _hookexec
INTERNALERROR> E                 return self._inner_hookexec(hook_name, methods, kwargs, firstresult)
INTERNALERROR> E                        ^^^^^^^^^^^^^^^^^^^^^^^^^^^^^^^^^^^^^^^^^^^^^^^^^^^^^^^^^^^^^
INTERNALERROR> E               File "C:\Users\chira\kova-agent\.venv\Lib\site-packages\pluggy\_callers.py", line 167, in _multicall
INTERNALERROR> E                 raise exception
INTERNALERROR> E               File "C:\Users\chira\kova-agent\.venv\Lib\site-packages\pluggy\_callers.py", line 139, in _multicall
INTERNALERROR> E                 teardown.throw(exception)
INTERNALERROR> E               File "C:\Users\chira\kova-agent\.venv\Lib\site-packages\_pytest\tmpdir.py", line 347, in pytest_runtest_makereport
INTERNALERROR> E                 rep = yield
INTERNALERROR> E                       ^^^^^
INTERNALERROR> E               File "C:\Users\chira\kova-agent\.venv\Lib\site-packages\pluggy\_callers.py", line 139, in _multicall
INTERNALERROR> E                 teardown.throw(exception)
INTERNALERROR> E               File "C:\Users\chira\kova-agent\.venv\Lib\site-packages\_pytest\skipping.py", line 280, in pytest_runtest_makereport
INTERNALERROR> E                 rep = yield
INTERNALERROR> E                       ^^^^^
INTERNALERROR> E               File "C:\Users\chira\kova-agent\.venv\Lib\site-packages\pluggy\_callers.py", line 121, in _multicall
INTERNALERROR> E                 res = hook_impl.function(*args)
INTERNALERROR> E                       ^^^^^^^^^^^^^^^^^^^^^^^^^
INTERNALERROR> E               File "C:\Users\chira\kova-agent\.venv\Lib\site-packages\_pytest\runner.py", line 385, in pytest_runtest_makereport
INTERNALERROR> E                 return TestReport.from_item_and_call(item, call)
INTERNALERROR> E                        ^^^^^^^^^^^^^^^^^^^^^^^^^^^^^^^^^^^^^^^^^
INTERNALERROR> E               File "C:\Users\chira\kova-agent\.venv\Lib\site-packages\_pytest\reports.py", line 438, in from_item_and_call
INTERNALERROR> E                 longrepr = _format_failed_longrepr(item, call, excinfo)
INTERNALERROR> E                            ^^^^^^^^^^^^^^^^^^^^^^^^^^^^^^^^^^^^^^^^^^^^
INTERNALERROR> E               File "C:\Users\chira\kova-agent\.venv\Lib\site-packages\_pytest\reports.py", line 263, in _format_failed_longrepr
INTERNALERROR> E                 longrepr = item.repr_failure(excinfo)
INTERNALERROR> E                            ^^^^^^^^^^^^^^^^^^^^^^^^^^
INTERNALERROR> E               File "C:\Users\chira\kova-agent\.venv\Lib\site-packages\_pytest\python.py", line 1749, in repr_failure
INTERNALERROR> E                 return self._repr_failure_py(excinfo, style=style)
INTERNALERROR> E                        ^^^^^^^^^^^^^^^^^^^^^^^^^^^^^^^^^^^^^^^^^^^
INTERNALERROR> E               File "C:\Users\chira\kova-agent\.venv\Lib\site-packages\_pytest\nodes.py", line 444, in _repr_failure_py
INTERNALERROR> E                 abspath = Path(os.getcwd()) != self.config.invocation_params.dir
INTERNALERROR> E                           ^^^^^^^^^^^^^^^^^
INTERNALERROR> E               File "C:\Users\chira\AppData\Local\kova\hermes-agent\.hermes-runtime\python\generation-1787421594-21304-dfed36d7\cpython-3.11-windows-x86_64-none\Lib\pathlib.py", line 873, in __new__
INTERNALERROR> E                 raise NotImplementedError("cannot instantiate %r on your system"
INTERNALERROR> E             NotImplementedError: cannot instantiate 'PosixPath' on your system
INTERNALERROR> E           assert False
INTERNALERROR> 
INTERNALERROR> .venv\Lib\site-packages\xdist\dsession.py:232: AssertionError
...................F..F....F...F........FFF......F..F...s....FINTERNALERROR> Traceback (most recent call last):
INTERNALERROR>   File "C:\Users\chira\kova-agent\.venv\Lib\site-packages\_pytest\main.py", line 330, in wrap_session
INTERNALERROR>     session.exitstatus = doit(config, session) or 0
INTERNALERROR>                          ^^^^^^^^^^^^^^^^^^^^^
INTERNALERROR>   File "C:\Users\chira\kova-agent\.venv\Lib\site-packages\_pytest\main.py", line 384, in _main
INTERNALERROR>     config.hook.pytest_runtestloop(session=session)
INTERNALERROR>   File "C:\Users\chira\kova-agent\.venv\Lib\site-packages\pluggy\_hooks.py", line 512, in __call__
INTERNALERROR>     return self._hookexec(self.name, self._hookimpls.copy(), kwargs, firstresult)
INTERNALERROR>            ^^^^^^^^^^^^^^^^^^^^^^^^^^^^^^^^^^^^^^^^^^^^^^^^^^^^^^^^^^^^^^^^^^^^^^
INTERNALERROR>   File "C:\Users\chira\kova-agent\.venv\Lib\site-packages\pluggy\_manager.py", line 120, in _hookexec
INTERNALERROR>     return self._inner_hookexec(hook_name, methods, kwargs, firstresult)
INTERNALERROR>            ^^^^^^^^^^^^^^^^^^^^^^^^^^^^^^^^^^^^^^^^^^^^^^^^^^^^^^^^^^^^^
INTERNALERROR>   File "C:\Users\chira\kova-agent\.venv\Lib\site-packages\pluggy\_callers.py", line 167, in _multicall
INTERNALERROR>     raise exception
INTERNALERROR>   File "C:\Users\chira\kova-agent\.venv\Lib\site-packages\pluggy\_callers.py", line 139, in _multicall
INTERNALERROR>     teardown.throw(exception)
INTERNALERROR>   File "C:\Users\chira\kova-agent\.venv\Lib\site-packages\_pytest\logging.py", line 816, in pytest_runtestloop
INTERNALERROR>     return (yield)  # Run all the tests.
INTERNALERROR>             ^^^^^
INTERNALERROR>   File "C:\Users\chira\kova-agent\.venv\Lib\site-packages\pluggy\_callers.py", line 139, in _multicall
INTERNALERROR>     teardown.throw(exception)
INTERNALERROR>   File "C:\Users\chira\kova-agent\.venv\Lib\site-packages\_pytest\terminal.py", line 708, in pytest_runtestloop
INTERNALERROR>     result = yield
INTERNALERROR>              ^^^^^
INTERNALERROR>   File "C:\Users\chira\kova-agent\.venv\Lib\site-packages\pluggy\_callers.py", line 121, in _multicall
INTERNALERROR>     res = hook_impl.function(*args)
INTERNALERROR>           ^^^^^^^^^^^^^^^^^^^^^^^^^
INTERNALERROR>   File "C:\Users\chira\kova-agent\.venv\Lib\site-packages\xdist\dsession.py", line 138, in pytest_runtestloop
INTERNALERROR>     self.loop_once()
INTERNALERROR>   File "C:\Users\chira\kova-agent\.venv\Lib\site-packages\xdist\dsession.py", line 163, in loop_once
INTERNALERROR>     call(**kwargs)
INTERNALERROR>   File "C:\Users\chira\kova-agent\.venv\Lib\site-packages\xdist\dsession.py", line 217, in worker_workerfinished
INTERNALERROR>     assert not crashitem, (crashitem, node)
INTERNALERROR> AssertionError: ('tests/tools/test_browser_npx_warmup.py::test_runs_in_its_own_process_group_on_posix', <WorkerController gw1>)
INTERNALERROR> assert not 'tests/tools/test_browser_npx_warmup.py::test_runs_in_its_own_process_group_on_posix'

778 failed, 28354 passed, 485 skipped, 2 xfailed, 168 warnings, 16 errors, 5 subtests passed in 1868.24s (0:31:08)
EXIT: 3
