bringing up nodes...
bringing up nodes...

........................................................................ [  0%]
...............................................F..F.F........F.......... [  0%]
........................................................................ [  0%]
........................................................................ [  0%]
........................................................................ [  0%]
...................................F.................................... [  1%]
........................................................................ [  1%]
........................................................................ [  1%]
...........................................................--- Logging error ---
..Traceback (most recent call last):
  File "C:\Users\chira\kova-agent\.venv\Lib\site-packages\concurrent_log_handler\__init__.py", line 454, in emit
    msg = self.format(record)
          ^^^^^^^^^^^^^^^^^^^
  File "C:\Users\chira\AppData\Local\kova\hermes-agent\.hermes-runtime\python\generation-1787421594-21304-dfed36d7\cpython-3.11-windows-x86_64-none\Lib\logging\__init__.py", line 953, in format
    return fmt.format(record)
           ^^^^^^^^^^^^^^^^^^
  File "C:\Users\chira\kova-agent\agent\redact.py", line 1427, in format
    return redact_sensitive_text(original)
           ^^^^^^^^^^^^^^^^^^^^^^^^^^^^^^^
  File "C:\Users\chira\kova-agent\tests\agent\test_trace_upload.py", line 70, in boom
    raise RuntimeError("redactor unavailable")
RuntimeError: redactor unavailable
....s...... [  1%]
...........................................F......F......F.............. [  1%]
........................................................................ [  2%]
........................................................................ [  2%]
F.................................F..............................F...F.. [  2%]
...F...........................................F....................F... [  2%]
........................................................................ [  2%]
........................................................................ [  3%]
..s...........................................................FF........ [  3%]
..................................................s..................... [  3%]
.................................................F........F............. [  3%]
.........................ss............................................. [  3%]
...............................s........................................ [  4%]
........................................................................ [  4%]
.......ss............................................................... [  4%]
..............s......................................................... [  4%]
........................................................................ [  4%]
...........................................F..F..F..F.F..F.............. [  5%]
........................................................................ [  5%]
........................................................................ [  5%]
........................................................................ [  5%]
...................................F.................................... [  5%]
........................................................................ [  6%]
.......................................s................................ [  6%]
........................................................................ [  6%]
........................................................................ [  6%]
................................................................sssssss. [  6%]
........................................................................ [  7%]
................................................................F.F.F... [  7%]
........................................................................ [  7%]
........................................................................ [  7%]
........................................................................ [  7%]
........................................................................ [  7%]
........................................................................ [  8%]
...............................................ssssss.ssss.............. [  8%]
....................s................................................... [  8%]
........................................................................ [  8%]
..................................F..................................... [  8%]
........................................................................ [  9%]
........................................................................ [  9%]
........................................................................ [  9%]
........................................................................ [  9%]
..............F...F..................................................... [  9%]
........................................................................ [ 10%]
........................................................................ [ 10%]
..........................................................F............. [ 10%]
........................................................................ [ 10%]
.....F..F.F..F.F.FFF.FFF.................................F.............. [ 10%]
........................................................................ [ 11%]
........................................................................ [ 11%]
.............................................F.......................... [ 11%]
.....................................................F.................. [ 11%]
....................................................................F... [ 11%]
.....................................................s...s.............. [ 12%]
........................................................................ [ 12%]
........................................................................ [ 12%]
.F..............F...................................................F... [ 12%]
F...F.........F................................................F........ [ 12%]
..............F.........................F...F...F..F....F............... [ 13%]
......................F...F..F..F..F.................................... [ 13%]
....................F.......F.F.....................F................sss [ 13%]
.ss.........................................F........................... [ 13%]
........................................................................ [ 13%]
..................F..................................................... [ 14%]
..............F................F........................................ [ 14%]
..............................................................F......... [ 14%]
........................................................................ [ 14%]
........................................................................ [ 14%]
.............................F...F...............F...................... [ 14%]
........................................................................ [ 15%]
........................................................................ [ 15%]
........................................s............................... [ 15%]
........................................................................ [ 15%]
........................................................................ [ 15%]
...F.F.................................................................. [ 16%]
.......F................................................................ [ 16%]
........................................................................ [ 16%]
...F.................................................................... [ 16%]
........................................................................ [ 16%]
........FF.............................................................. [ 17%]
........................................................................ [ 17%]
........................................................................ [ 17%]
........................................................................ [ 17%]
........................................................................ [ 17%]
........................................................................ [ 18%]
....ssssss.ss........................................................... [ 18%]
................ssssssssssssssssssssssssss.sssssssssssssssssssssssss.sss [ 18%]
sss..................................................................... [ 18%]
........................................................................ [ 18%]
................F....................................................... [ 19%]
........................................................................ [ 19%]
.......................sssssssss.sss.sssss.............................. [ 19%]
..................F..........F.......................................... [ 19%]
........................................................................ [ 19%]
...............F........................................................ [ 20%]
........................................................................ [ 20%]
........................................................................ [ 20%]
..........................ss..........sssssssssssssss.........s.s....... [ 20%]
........................................................................ [ 20%]
........................................................................ [ 21%]
........................................................................ [ 21%]
........................................................................ [ 21%]
........................................................................ [ 21%]
....................................................s................... [ 21%]
........................................................................ [ 21%]
..............F..Fsss................................................... [ 22%]
........................................................................ [ 22%]
...F..................F................................................. [ 22%]
...........................................F.............F.............. [ 22%]
....................s................................................... [ 22%]
...........................s............................................ [ 23%]
........................................................................ [ 23%]
........................................................................ [ 23%]
........................................................................ [ 23%]
................................................................FF...... [ 23%]
..........................FFFF.F..FFFFF.FF..F.FF....F..sFs.F............ [ 24%]
................................F.F...................................s. [ 24%]
......s................................................................. [ 24%]
........................................................................ [ 24%]
............................F...F....................................... [ 24%]
........................................................................ [ 25%]
........................................................................ [ 25%]
...........................F...............................F............ [ 25%]
.....................................................................F.. [ 25%]
......F...................F.............................F..F.....F...... [ 25%]
.................F...................................................... [ 26%]
...........F..F...F..................................................... [ 26%]
..........................................F..........F.................. [ 26%]
...................................................F.................... [ 26%]
........................................................................ [ 26%]
..............................ssss...................................... [ 27%]
..............F......F.................................................. [ 27%]
..........F............................................................. [ 27%]
............................................................F........... [ 27%]
........F...................................F..............F............ [ 27%]
..........F............................................................. [ 28%]
.F.................................................F......F.....F....... [ 28%]
....................................F..............................F.... [ 28%]
....F..........................................F.....................F.. [ 28%]
.........F.......F.......F.......F........F.....F....................... [ 28%]
.........F.................................................ssss.ss...... [ 28%]
.....................s.....Fsssss.ss.s.................................. [ 29%]
........................................................................ [ 29%]
.................ss.sssssssss........................................F.. [ 29%]
........................................................................ [ 29%]
........................................................................ [ 29%]
........................................................................ [ 30%]
...........................................F............................ [ 30%]
...........F...........F...F....F.F.....F.F............................. [ 30%]
..............s........x............................s..F...F............ [ 30%]
........................................................................ [ 30%]
........................................................................ [ 31%]
........................................................................ [ 31%]
........................................................................ [ 31%]
........................................................................ [ 31%]
........................................................................ [ 31%]
........................................................................ [ 32%]
........................................................................ [ 32%]
.......................F........................................F....... [ 32%]
.F....s..........F....F.............................F...F.....F....F.... [ 32%]
.......F.......F......Fs.....F......F...F....F......F.......F..F....F... [ 32%]
...F.....Fssssss..sss..F...Fssssssss..F.s............................... [ 33%]
........................................................................ [ 33%]
........................................................................ [ 33%]
........................................................................ [ 33%]
........................................................................ [ 33%]
........................................................................ [ 34%]
........................................................................ [ 34%]
........................................................................ [ 34%]
........................................................................ [ 34%]
........................................................................ [ 34%]
............................................F.........F....F..FFssF...F. [ 35%]
..............................F......................................... [ 35%]
........................................................................ [ 35%]
........................................................................ [ 35%]
........................................................................ [ 35%]
..........F..F........F................................................. [ 35%]
..................................................F..................... [ 36%]
........................................................................ [ 36%]
....F..........................................................F........ [ 36%]
..................................ss.s.................................F [ 36%]
.........................ssss........................................... [ 36%]
........................................................................ [ 37%]
.........................................F.............................. [ 37%]
........................................................................ [ 37%]
........................................................................ [ 37%]
.sssssss...................s............................................ [ 37%]
ssss...........s........................................................ [ 38%]
........................................................................ [ 38%]
....................................FF..FFF.FFF....Fs..................s [ 38%]
s.............F..F..F................................................... [ 38%]
........................................................................ [ 38%]
........ss.............................................F................ [ 39%]
......F................................................................. [ 39%]
..s..................................................F.................. [ 39%]
........................................................................ [ 39%]
.................................F...................................... [ 39%]
........................................................................ [ 40%]
..........s............................................s.sss............ [ 40%]
....................................................x................... [ 40%]
........................................................................ [ 40%]
.............F.F.F...F.F..F..F..F..F..........................F......... [ 40%]
........................................................................ [ 41%]
..........................s............................................. [ 41%]
...........F..F....F...............................................sss.s [ 41%]
ss......F...E..................ss.sss................................... [ 41%]
...................................F.................................... [ 41%]
.............................................F.......................... [ 41%]
............................F........................................... [ 42%]
........................................................................ [ 42%]
..........................................s...................F......... [ 42%]
....s...s..ssss......................sssss........s..................... [ 42%]
.................................................FF..................... [ 42%]
........................F.F............................................. [ 43%]
..F....................F.......................................F..Fss.F. [ 43%]
....s....................F.F...............F.......sssss.....s..s....sss [ 43%]
.......ss............................................................... [ 43%]
........................F..F............................................ [ 43%]
......................s.............F................................FFF [ 44%]
......F....................F....FFFFF.F.........................FF..F... [ 44%]
......................................F..F........F..................... [ 44%]
.......................F...............F..F...s......................... [ 44%]
........................................................................ [ 44%]
..........................................................F...F......... [ 45%]
..................................F..................................... [ 45%]
...........ssssss.sssss.ssssssssssssss.ss............................... [ 45%]
.................F.........FF.........F................................. [ 45%]
..................................................ss.................... [ 45%]
...........................................ss........................... [ 46%]
........................................................................ [ 46%]
.......................................................................s [ 46%]
.......ssss.....F............F.............................F............ [ 46%]
.....................................................F...............F.. [ 46%]
...........F.....F.....................................F.........F...... [ 47%]
...F.........F...........F...........F..............F....F.F..F.FF..F... [ 47%]
.......F.....................................................F.F.FFF..FF [ 47%]
.FF.F.FFF............s.....................F..........F...F............. [ 47%]
..s.....F...F.............F..............F...........................F.. [ 47%]
........................................................................ [ 48%]
........................................................................ [ 48%]
....................................................................F... [ 48%]
......................................................s....ss........... [ 48%]
ssssss.....................ss..........................F................ [ 48%]
F....ssss..........F.....F.........F.............s...................... [ 48%]
............................F......F.F.....FF......................F.... [ 49%]
........F..F.........s.........................EFF.EF..E.F.FEF.E....E... [ 49%]
.....E....E...E.F.......F...F..FF.F.........F.............F..F.......... [ 49%]
....s..............F.....F.......................F...........F.......... [ 49%]
........................................................................ [ 49%]
........................................................................ [ 50%]
...........................................................F.........FF. [ 50%]
.F.F.F..F...F......................................FFF.................. [ 50%]
................................................F.......F..F........F..s [ 50%]
...............F..F.......F...F.F...F...FF...FF....F....F.............[gw0] node down: Not properly terminated
F....F.....................F..F.............F......................F.... [ 51%]
.................F.......F.......F.....F.FF.F.FF..F.....s.............F. [ 51%]
.s...ss....F............................................................ [ 51%]
F....................................................................... [ 51%]
...F..............F..................................................... [ 51%]
....................ss.............................................s.... [ 52%]
........................................................................ [ 52%]
..............F....F.ss..F...F......F........F....F................F.... [ 52%]
...F...F...........F.........F.........F................................ [ 52%]
.F.F.F.F.....................................F.F........................ [ 52%]
..........................F............................................. [ 53%]
F.........................................s...............ss............ [ 53%]
......................................sFF....F.Fs.ss....F...F.....ssss.s [ 53%]
........F.............F............................F.s.................. [ 53%]
................F....................................................... [ 53%]
........................................................................ [ 54%]
........................................................................ [ 54%]
........................................................................ [ 54%]
.................................................s...................... [ 54%]
........................................................................ [ 54%]
...........s.....................F...................................... [ 54%]
........................................................................ [ 55%]
........................................................................ [ 55%]
.................................................FFF.FF................. [ 55%]
................F......................FF.F............................. [ 55%]
.....................F...F......................FF..FF.................. [ 55%]
........................................................................ [ 56%]
........................................................................ [ 56%]
........................................................................ [ 56%]
........................................................................ [ 56%]
........................................................................ [ 56%]
........................................................................ [ 57%]
........................................................................ [ 57%]
........................................................................ [ 57%]
.........................................F.........s.................... [ 57%]
........................................................................ [ 57%]
........................................................................ [ 58%]
.....................EEEE............................................... [ 58%]
.............................................................F.......... [ 58%]
..........................................F...F...F..F..F...F...F..F...F [ 58%]
..F..F...F..F........................................................... [ 58%]
F.......................F....................F........................F. [ 59%]
........F..F.........F...F....................F......................... [ 59%]
..F...................F.F...FF..F..F..................FF.Fss............ [ 59%]
.......................................................................F [ 59%]
...F..F..........s.s.s......s.........................................ss [ 59%]
sssssssss.....................F..............F.................F........ [ 60%]
........................................................................ [ 60%]
.........................F.F.............................F.............. [ 60%]
...F..EE.E.EE..........................................................F [ 60%]
.............................................................F.......... [ 60%]
.....F...................F..........................F........s.......... [ 61%]
.....................F..........................F....................... [ 61%]
....................F..F.F.....FF...............Fsssssssssss............ [ 61%]
F....................................................................... [ 61%]
........................................................................ [ 61%]
........................................................................ [ 61%]
........................................................................ [ 62%]
........................................................................ [ 62%]
........................................................................ [ 62%]
.................ssssss................................................. [ 62%]
..........................................................ss..F......... [ 62%]
.................F..........................ss.......................... [ 63%]
........................................................................ [ 63%]
........................................................................ [ 63%]
........................................................................ [ 63%]
............................F........................................... [ 63%]
........................................................................ [ 64%]
.....................................................................F.. [ 64%]
...F.................................................................... [ 64%]
.............................sss........................................ [ 64%]
........................................................................ [ 64%]
.........................................................[gw6] node down: Not properly terminated
F......................................................F................ [ 65%]
............................F....................F............F......... [ 65%]
..........F...........................sssssssssF.FF.F.F.F...........ss.. [ 65%]
........................................................................ [ 65%]
..........................F.................................F..ssssssss. [ 66%]
........................................................................ [ 66%]
..................................s..................................... [ 66%]
........................................................................ [ 66%]
................................................................F....... [ 66%]
.................F...................F............FF...F...............F [ 67%]
..........F...........F.......F...................F........F........F..F [ 67%]
......F..................................F.............................. [ 67%]
...F........F..F..........................................F...F......... [ 67%]
.ssssss......................................sss........................ [ 67%]
......................................F.F..F...F.....................F.. [ 67%]
s............FF......................................................... [ 68%]
........................................................................ [ 68%]
.....................F........INTERNALERROR> def worker_internal_error(
INTERNALERROR>         self, node: WorkerController, formatted_error: str
INTERNALERROR>     ) -> None:
INTERNALERROR>         """
INTERNALERROR>         pytest_internalerror() was called on the worker.
INTERNALERROR>     
INTERNALERROR>         pytest_internalerror() arguments are an excinfo and an excrepr, which can't
INTERNALERROR>         be serialized, so we go with a poor man's solution of raising an exception
INTERNALERROR>         here ourselves using the formatted message.
INTERNALERROR>         """
INTERNALERROR>         self._active_nodes.remove(node)
INTERNALERROR>         try:
INTERNALERROR> >           assert False, formatted_error
INTERNALERROR> E           AssertionError: Traceback (most recent call last):
INTERNALERROR> E               File "C:\Users\chira\kova-agent\.venv\Lib\site-packages\_pytest\main.py", line 330, in wrap_session
INTERNALERROR> E                 session.exitstatus = doit(config, session) or 0
INTERNALERROR> E                                      ^^^^^^^^^^^^^^^^^^^^^
INTERNALERROR> E               File "C:\Users\chira\kova-agent\.venv\Lib\site-packages\_pytest\main.py", line 384, in _main
INTERNALERROR> E                 config.hook.pytest_runtestloop(session=session)
INTERNALERROR> E               File "C:\Users\chira\kova-agent\.venv\Lib\site-packages\pluggy\_hooks.py", line 512, in __call__
INTERNALERROR> E                 return self._hookexec(self.name, self._hookimpls.copy(), kwargs, firstresult)
INTERNALERROR> E                        ^^^^^^^^^^^^^^^^^^^^^^^^^^^^^^^^^^^^^^^^^^^^^^^^^^^^^^^^^^^^^^^^^^^^^^
INTERNALERROR> E               File "C:\Users\chira\kova-agent\.venv\Lib\site-packages\pluggy\_manager.py", line 120, in _hookexec
INTERNALERROR> E                 return self._inner_hookexec(hook_name, methods, kwargs, firstresult)
INTERNALERROR> E                        ^^^^^^^^^^^^^^^^^^^^^^^^^^^^^^^^^^^^^^^^^^^^^^^^^^^^^^^^^^^^^
INTERNALERROR> E               File "C:\Users\chira\kova-agent\.venv\Lib\site-packages\pluggy\_callers.py", line 167, in _multicall
INTERNALERROR> E                 raise exception
INTERNALERROR> E               File "C:\Users\chira\kova-agent\.venv\Lib\site-packages\pluggy\_callers.py", line 139, in _multicall
INTERNALERROR> E                 teardown.throw(exception)
INTERNALERROR> E               File "C:\Users\chira\kova-agent\.venv\Lib\site-packages\_pytest\logging.py", line 816, in pytest_runtestloop
INTERNALERROR> E                 return (yield)  # Run all the tests.
INTERNALERROR> E                         ^^^^^
INTERNALERROR> E               File "C:\Users\chira\kova-agent\.venv\Lib\site-packages\pluggy\_callers.py", line 139, in _multicall
INTERNALERROR> E                 teardown.throw(exception)
INTERNALERROR> E               File "C:\Users\chira\kova-agent\.venv\Lib\site-packages\_pytest\terminal.py", line 708, in pytest_runtestloop
INTERNALERROR> E                 result = yield
INTERNALERROR> E                          ^^^^^
INTERNALERROR> E               File "C:\Users\chira\kova-agent\.venv\Lib\site-packages\pluggy\_callers.py", line 121, in _multicall
INTERNALERROR> E                 res = hook_impl.function(*args)
INTERNALERROR> E                       ^^^^^^^^^^^^^^^^^^^^^^^^^
INTERNALERROR> E               File "C:\Users\chira\kova-agent\.venv\Lib\site-packages\xdist\remote.py", line 206, in pytest_runtestloop
INTERNALERROR> E                 self.run_one_test()
INTERNALERROR> E               File "C:\Users\chira\kova-agent\.venv\Lib\site-packages\xdist\remote.py", line 227, in run_one_test
INTERNALERROR> E                 self.config.hook.pytest_runtest_protocol(item=item, nextitem=nextitem)
INTERNALERROR> E               File "C:\Users\chira\kova-agent\.venv\Lib\site-packages\pluggy\_hooks.py", line 512, in __call__
INTERNALERROR> E                 return self._hookexec(self.name, self._hookimpls.copy(), kwargs, firstresult)
INTERNALERROR> E                        ^^^^^^^^^^^^^^^^^^^^^^^^^^^^^^^^^^^^^^^^^^^^^^^^^^^^^^^^^^^^^^^^^^^^^^
INTERNALERROR> E               File "C:\Users\chira\kova-agent\.venv\Lib\site-packages\pluggy\_manager.py", line 120, in _hookexec
INTERNALERROR> E                 return self._inner_hookexec(hook_name, methods, kwargs, firstresult)
INTERNALERROR> E                        ^^^^^^^^^^^^^^^^^^^^^^^^^^^^^^^^^^^^^^^^^^^^^^^^^^^^^^^^^^^^^
INTERNALERROR> E               File "C:\Users\chira\kova-agent\.venv\Lib\site-packages\pluggy\_callers.py", line 167, in _multicall
INTERNALERROR> E                 raise exception
INTERNALERROR> E               File "C:\Users\chira\kova-agent\.venv\Lib\site-packages\pluggy\_callers.py", line 139, in _multicall
INTERNALERROR> E                 teardown.throw(exception)
INTERNALERROR> E               File "C:\Users\chira\kova-agent\.venv\Lib\site-packages\_pytest\warnings.py", line 90, in pytest_runtest_protocol
INTERNALERROR> E                 return (yield)
INTERNALERROR> E                         ^^^^^
INTERNALERROR> E               File "C:\Users\chira\kova-agent\.venv\Lib\site-packages\pluggy\_callers.py", line 139, in _multicall
INTERNALERROR> E                 teardown.throw(exception)
INTERNALERROR> E               File "C:\Users\chira\kova-agent\.venv\Lib\site-packages\_pytest\assertion\__init__.py", line 205, in pytest_runtest_protocol
INTERNALERROR> E                 return (yield)
INTERNALERROR> E                         ^^^^^
INTERNALERROR> E               File "C:\Users\chira\kova-agent\.venv\Lib\site-packages\pluggy\_callers.py", line 139, in _multicall
INTERNALERROR> E                 teardown.throw(exception)
INTERNALERROR> E               File "C:\Users\chira\kova-agent\.venv\Lib\site-packages\pluggy\_callers.py", line 53, in run_old_style_hookwrapper
INTERNALERROR> E                 return result.get_result()
INTERNALERROR> E                        ^^^^^^^^^^^^^^^^^^^
INTERNALERROR> E               File "C:\Users\chira\kova-agent\.venv\Lib\site-packages\pluggy\_result.py", line 103, in get_result
INTERNALERROR> E                 raise exc.with_traceback(tb)
INTERNALERROR> E               File "C:\Users\chira\kova-agent\.venv\Lib\site-packages\pluggy\_callers.py", line 38, in run_old_style_hookwrapper
INTERNALERROR> E                 res = yield
INTERNALERROR> E                       ^^^^^
INTERNALERROR> E               File "C:\Users\chira\kova-agent\.venv\Lib\site-packages\pluggy\_callers.py", line 139, in _multicall
INTERNALERROR> E                 teardown.throw(exception)
INTERNALERROR> E               File "C:\Users\chira\kova-agent\.venv\Lib\site-packages\_pytest\unittest.py", line 612, in pytest_runtest_protocol
INTERNALERROR> E                 return (yield)
INTERNALERROR> E                         ^^^^^
INTERNALERROR> E               File "C:\Users\chira\kova-agent\.venv\Lib\site-packages\pluggy\_callers.py", line 139, in _multicall
INTERNALERROR> E                 teardown.throw(exception)
INTERNALERROR> E               File "C:\Users\chira\kova-agent\.venv\Lib\site-packages\_pytest\faulthandler.py", line 102, in pytest_runtest_protocol
INTERNALERROR> E                 return (yield)
INTERNALERROR> E                         ^^^^^
INTERNALERROR> E               File "C:\Users\chira\kova-agent\.venv\Lib\site-packages\pluggy\_callers.py", line 121, in _multicall
INTERNALERROR> E                 res = hook_impl.function(*args)
INTERNALERROR> E                       ^^^^^^^^^^^^^^^^^^^^^^^^^
INTERNALERROR> E               File "C:\Users\chira\kova-agent\.venv\Lib\site-packages\_pytest\runner.py", line 118, in pytest_runtest_protocol
INTERNALERROR> E                 runtestprotocol(item, nextitem=nextitem)
INTERNALERROR> E               File "C:\Users\chira\kova-agent\.venv\Lib\site-packages\_pytest\runner.py", line 139, in runtestprotocol
INTERNALERROR> E                 reports.append(call_and_report(item, "call", log))
INTERNALERROR> E                                ^^^^^^^^^^^^^^^^^^^^^^^^^^^^^^^^^^
INTERNALERROR> E               File "C:\Users\chira\kova-agent\.venv\Lib\site-packages\_pytest\runner.py", line 254, in call_and_report
INTERNALERROR> E                 report: TestReport = ihook.pytest_runtest_makereport(item=item, call=call)
INTERNALERROR> E                                      ^^^^^^^^^^^^^^^^^^^^^^^^^^^^^^^^^^^^^^^^^^^^^^^^^^^^^
INTERNALERROR> E               File "C:\Users\chira\kova-agent\.venv\Lib\site-packages\pluggy\_hooks.py", line 512, in __call__
INTERNALERROR> E                 return self._hookexec(self.name, self._hookimpls.copy(), kwargs, firstresult)
INTERNALERROR> E                        ^^^^^^^^^^^^^^^^^^^^^^^^^^^^^^^^^^^^^^^^^^^^^^^^^^^^^^^^^^^^^^^^^^^^^^
INTERNALERROR> E               File "C:\Users\chira\kova-agent\.venv\Lib\site-packages\pluggy\_manager.py", line 120, in _hookexec
INTERNALERROR> E                 return self._inner_hookexec(hook_name, methods, kwargs, firstresult)
INTERNALERROR> E                        ^^^^^^^^^^^^^^^^^^^^^^^^^^^^^^^^^^^^^^^^^^^^^^^^^^^^^^^^^^^^^
INTERNALERROR> E               File "C:\Users\chira\kova-agent\.venv\Lib\site-packages\pluggy\_callers.py", line 167, in _multicall
INTERNALERROR> E                 raise exception
INTERNALERROR> E               File "C:\Users\chira\kova-agent\.venv\Lib\site-packages\pluggy\_callers.py", line 139, in _multicall
INTERNALERROR> E                 teardown.throw(exception)
INTERNALERROR> E               File "C:\Users\chira\kova-agent\.venv\Lib\site-packages\_pytest\tmpdir.py", line 347, in pytest_runtest_makereport
INTERNALERROR> E                 rep = yield
INTERNALERROR> E                       ^^^^^
INTERNALERROR> E               File "C:\Users\chira\kova-agent\.venv\Lib\site-packages\pluggy\_callers.py", line 139, in _multicall
INTERNALERROR> E                 teardown.throw(exception)
INTERNALERROR> E               File "C:\Users\chira\kova-agent\.venv\Lib\site-packages\_pytest\skipping.py", line 280, in pytest_runtest_makereport
INTERNALERROR> E                 rep = yield
INTERNALERROR> E                       ^^^^^
INTERNALERROR> E               File "C:\Users\chira\kova-agent\.venv\Lib\site-packages\pluggy\_callers.py", line 121, in _multicall
INTERNALERROR> E                 res = hook_impl.function(*args)
INTERNALERROR> E                       ^^^^^^^^^^^^^^^^^^^^^^^^^
INTERNALERROR> E               File "C:\Users\chira\kova-agent\.venv\Lib\site-packages\_pytest\runner.py", line 385, in pytest_runtest_makereport
INTERNALERROR> E                 return TestReport.from_item_and_call(item, call)
INTERNALERROR> E                        ^^^^^^^^^^^^^^^^^^^^^^^^^^^^^^^^^^^^^^^^^
INTERNALERROR> E               File "C:\Users\chira\kova-agent\.venv\Lib\site-packages\_pytest\reports.py", line 438, in from_item_and_call
INTERNALERROR> E                 longrepr = _format_failed_longrepr(item, call, excinfo)
INTERNALERROR> E                            ^^^^^^^^^^^^^^^^^^^^^^^^^^^^^^^^^^^^^^^^^^^^
INTERNALERROR> E               File "C:\Users\chira\kova-agent\.venv\Lib\site-packages\_pytest\reports.py", line 263, in _format_failed_longrepr
INTERNALERROR> E                 longrepr = item.repr_failure(excinfo)
INTERNALERROR> E                            ^^^^^^^^^^^^^^^^^^^^^^^^^^
INTERNALERROR> E               File "C:\Users\chira\kova-agent\.venv\Lib\site-packages\_pytest\python.py", line 1749, in repr_failure
INTERNALERROR> E                 return self._repr_failure_py(excinfo, style=style)
INTERNALERROR> E                        ^^^^^^^^^^^^^^^^^^^^^^^^^^^^^^^^^^^^^^^^^^^
INTERNALERROR> E               File "C:\Users\chira\kova-agent\.venv\Lib\site-packages\_pytest\nodes.py", line 444, in _repr_failure_py
INTERNALERROR> E                 abspath = Path(os.getcwd()) != self.config.invocation_params.dir
INTERNALERROR> E                           ^^^^^^^^^^^^^^^^^
INTERNALERROR> E               File "C:\Users\chira\AppData\Local\kova\hermes-agent\.hermes-runtime\python\generation-1787421594-21304-dfed36d7\cpython-3.11-windows-x86_64-none\Lib\pathlib.py", line 873, in __new__
INTERNALERROR> E                 raise NotImplementedError("cannot instantiate %r on your system"
INTERNALERROR> E             NotImplementedError: cannot instantiate 'PosixPath' on your system
INTERNALERROR> E           assert False
INTERNALERROR> 
INTERNALERROR> .venv\Lib\site-packages\xdist\dsession.py:232: AssertionError
.............INTERNALERROR> Traceback (most recent call last):
INTERNALERROR>   File "C:\Users\chira\kova-agent\.venv\Lib\site-packages\_pytest\main.py", line 330, in wrap_session
INTERNALERROR>     session.exitstatus = doit(config, session) or 0
INTERNALERROR>                          ^^^^^^^^^^^^^^^^^^^^^
INTERNALERROR>   File "C:\Users\chira\kova-agent\.venv\Lib\site-packages\_pytest\main.py", line 384, in _main
INTERNALERROR>     config.hook.pytest_runtestloop(session=session)
INTERNALERROR>   File "C:\Users\chira\kova-agent\.venv\Lib\site-packages\pluggy\_hooks.py", line 512, in __call__
INTERNALERROR>     return self._hookexec(self.name, self._hookimpls.copy(), kwargs, firstresult)
INTERNALERROR>            ^^^^^^^^^^^^^^^^^^^^^^^^^^^^^^^^^^^^^^^^^^^^^^^^^^^^^^^^^^^^^^^^^^^^^^
INTERNALERROR>   File "C:\Users\chira\kova-agent\.venv\Lib\site-packages\pluggy\_manager.py", line 120, in _hookexec
INTERNALERROR>     return self._inner_hookexec(hook_name, methods, kwargs, firstresult)
INTERNALERROR>            ^^^^^^^^^^^^^^^^^^^^^^^^^^^^^^^^^^^^^^^^^^^^^^^^^^^^^^^^^^^^^
INTERNALERROR>   File "C:\Users\chira\kova-agent\.venv\Lib\site-packages\pluggy\_callers.py", line 167, in _multicall
INTERNALERROR>     raise exception
INTERNALERROR>   File "C:\Users\chira\kova-agent\.venv\Lib\site-packages\pluggy\_callers.py", line 139, in _multicall
INTERNALERROR>     teardown.throw(exception)
INTERNALERROR>   File "C:\Users\chira\kova-agent\.venv\Lib\site-packages\_pytest\logging.py", line 816, in pytest_runtestloop
INTERNALERROR>     return (yield)  # Run all the tests.
INTERNALERROR>             ^^^^^
INTERNALERROR>   File "C:\Users\chira\kova-agent\.venv\Lib\site-packages\pluggy\_callers.py", line 139, in _multicall
INTERNALERROR>     teardown.throw(exception)
INTERNALERROR>   File "C:\Users\chira\kova-agent\.venv\Lib\site-packages\_pytest\terminal.py", line 708, in pytest_runtestloop
INTERNALERROR>     result = yield
INTERNALERROR>              ^^^^^
INTERNALERROR>   File "C:\Users\chira\kova-agent\.venv\Lib\site-packages\pluggy\_callers.py", line 121, in _multicall
INTERNALERROR>     res = hook_impl.function(*args)
INTERNALERROR>           ^^^^^^^^^^^^^^^^^^^^^^^^^
INTERNALERROR>   File "C:\Users\chira\kova-agent\.venv\Lib\site-packages\xdist\dsession.py", line 138, in pytest_runtestloop
INTERNALERROR>     self.loop_once()
INTERNALERROR>   File "C:\Users\chira\kova-agent\.venv\Lib\site-packages\xdist\dsession.py", line 163, in loop_once
INTERNALERROR>     call(**kwargs)
INTERNALERROR>   File "C:\Users\chira\kova-agent\.venv\Lib\site-packages\xdist\dsession.py", line 217, in worker_workerfinished
INTERNALERROR>     assert not crashitem, (crashitem, node)
INTERNALERROR> AssertionError: ('tests/tools/test_browser_npx_warmup.py::test_runs_in_its_own_process_group_on_posix', <WorkerController gw8>)
INTERNALERROR> assert not 'tests/tools/test_browser_npx_warmup.py::test_runs_in_its_own_process_group_on_posix'

562 failed, 24359 passed, 445 skipped, 2 xfailed, 202 warnings, 20 errors in 1534.52s (0:25:34)
EXIT: 3
