bringing up nodes...
bringing up nodes...

...s......s...............ss.ss......................................... [  0%]
........sssss.....................s..................................... [  1%]
.............................sss....................................ssss [  1%]
......FF................................................................ [  2%]
......................................F...F.......F..................... [  2%]
.F.F.ss.F.....s.......F..................F.........sssss......s.s..sss.. [  3%]
...ss..........................................................F.....F.. [  3%]
......................sss.s..........s...............F................F. [  4%]
.....F.........s........................................................ [  4%]
..................................s.....................F............... [  5%]
.............................F...F...F..F.F..F..F.F.F................... [  5%]
........................................................................ [  6%]
........................................................................ [  6%]
................F.F....F...F..F..FF..F.......Fs........F................ [  7%]
..................................................ss.................... [  7%]
F..FF..........sFF.FFF.FF............................................... [  8%]
...............................................F........................ [  8%]
.....................................................F..F....F.........s [  9%]
sssss.....F............................................................. [  9%]
...................................................F................FF.F [ 10%]
FF.F..s.........F............FFF.F............................F......... [ 10%]
F...............F....................................F.................. [ 11%]
........................................................................ [ 11%]
........................................................................ [ 12%]
........................................................................ [ 12%]
........................................................s............... [ 13%]
....................................s.F.....F.....Fsss....F...F.F.....s. [ 13%]
ssss.......................................F............................ [ 14%]
......................................................s.F...s...F....... [ 14%]
................................................F..................F.... [ 15%]
......................F....................F........F.F.......F......... [ 15%]
F...FF.F.....F..F..s..F....F.....F..F.sss.F............................. [ 16%]
........................................................................ [ 16%]
.....................................................F.............F.... [ 17%]
.....s.................F................................................ [ 18%]
........................................................................ [ 18%]
........F...................F........................................... [ 19%]
......................................................F................. [ 19%]
.....................................................F.................. [ 20%]
...................................................................F.... [ 20%]
............F.F.........F..s............................................ [ 21%]
.......................ss...................F........................F.. [ 21%]
.................................F..................F................... [ 22%]
........................................................................ [ 22%]
...........................F............................................ [ 23%]
...........ssssssssss.sss.ssssssssssss.ss.............F................. [ 23%]
..F...............F..........................................F.......... [ 24%]
.........................................ss............................. [ 24%]
..................................................................F..... [ 25%]
.........F.....FFF.FFFFFFFFFF......................s.................... [ 25%]
............F................s.........F....F......F.......F............ [ 26%]
.....................s...ssss......F.................................... [ 26%]
......F....................................................F............ [ 27%]
........................................................................ [ 27%]
..........F............................................................. [ 28%]
............................FF..F................................F.....s [ 28%]
.ss..F......F.......F.....s.......F..................................... [ 29%]
............F....................................F...................... [ 29%]
...s..ss.......ssssss..........................ss....................... [ 30%]
.........................F.........F.................................... [ 30%]
....F..........F.F.FF.F.F...F..F..F..F..F..F....F....................... [ 31%]
........................................................................ [ 31%]
FF...........................Fs.....Fs.....F.F.......................... [ 32%]
..................................s...........................F......... [ 32%]
...............................F..FFFF.......F................F.....F... [ 33%]
........................................................................ [ 33%]
......F.F..F..........s.........F...........F.....FF.......FFF.......... [ 34%]
.........F.................ss.............F.......................s..... [ 35%]
.....F..................F.FFFF...F........................F...F......... [ 35%]
...........F.....................ssss................................... [ 36%]
..........................................................F...F........s [ 36%]
ssss.F.............................................................F.... [ 37%]
......................................................................F. [ 37%]
......................FF..FF..........................................F. [ 38%]
F.......................FF.............................................. [ 38%]
.............................................ssss....................... [ 39%]
........................................................................ [ 39%]
........................................................................ [ 40%]
.............F..s.FF...F................................................ [ 40%]
....................F..F....F....s.F.......................F...F........ [ 41%]
..................................F..F..F......F...F.........F.......... [ 41%]
........................................................................ [ 42%]
................................................F.F.F...FF........INTERNALERROR> def worker_internal_error(
INTERNALERROR>         self, node: WorkerController, formatted_error: str
INTERNALERROR>     ) -> None:
INTERNALERROR>         """
INTERNALERROR>         pytest_internalerror() was called on the worker.
INTERNALERROR>     
INTERNALERROR>         pytest_internalerror() arguments are an excinfo and an excrepr, which can't
INTERNALERROR>         be serialized, so we go with a poor man's solution of raising an exception
INTERNALERROR>         here ourselves using the formatted message.
INTERNALERROR>         """
INTERNALERROR>         self._active_nodes.remove(node)
INTERNALERROR>         try:
INTERNALERROR> >           assert False, formatted_error
INTERNALERROR> E           AssertionError: Traceback (most recent call last):
INTERNALERROR> E               File "C:\Users\chira\kova-agent\.venv\Lib\site-packages\_pytest\main.py", line 330, in wrap_session
INTERNALERROR> E                 session.exitstatus = doit(config, session) or 0
INTERNALERROR> E                                      ^^^^^^^^^^^^^^^^^^^^^
INTERNALERROR> E               File "C:\Users\chira\kova-agent\.venv\Lib\site-packages\_pytest\main.py", line 384, in _main
INTERNALERROR> E                 config.hook.pytest_runtestloop(session=session)
INTERNALERROR> E               File "C:\Users\chira\kova-agent\.venv\Lib\site-packages\pluggy\_hooks.py", line 512, in __call__
INTERNALERROR> E                 return self._hookexec(self.name, self._hookimpls.copy(), kwargs, firstresult)
INTERNALERROR> E                        ^^^^^^^^^^^^^^^^^^^^^^^^^^^^^^^^^^^^^^^^^^^^^^^^^^^^^^^^^^^^^^^^^^^^^^
INTERNALERROR> E               File "C:\Users\chira\kova-agent\.venv\Lib\site-packages\pluggy\_manager.py", line 120, in _hookexec
INTERNALERROR> E                 return self._inner_hookexec(hook_name, methods, kwargs, firstresult)
INTERNALERROR> E                        ^^^^^^^^^^^^^^^^^^^^^^^^^^^^^^^^^^^^^^^^^^^^^^^^^^^^^^^^^^^^^
INTERNALERROR> E               File "C:\Users\chira\kova-agent\.venv\Lib\site-packages\pluggy\_callers.py", line 167, in _multicall
INTERNALERROR> E                 raise exception
INTERNALERROR> E               File "C:\Users\chira\kova-agent\.venv\Lib\site-packages\pluggy\_callers.py", line 139, in _multicall
INTERNALERROR> E                 teardown.throw(exception)
INTERNALERROR> E               File "C:\Users\chira\kova-agent\.venv\Lib\site-packages\_pytest\logging.py", line 816, in pytest_runtestloop
INTERNALERROR> E                 return (yield)  # Run all the tests.
INTERNALERROR> E                         ^^^^^
INTERNALERROR> E               File "C:\Users\chira\kova-agent\.venv\Lib\site-packages\pluggy\_callers.py", line 139, in _multicall
INTERNALERROR> E                 teardown.throw(exception)
INTERNALERROR> E               File "C:\Users\chira\kova-agent\.venv\Lib\site-packages\_pytest\terminal.py", line 708, in pytest_runtestloop
INTERNALERROR> E                 result = yield
INTERNALERROR> E                          ^^^^^
INTERNALERROR> E               File "C:\Users\chira\kova-agent\.venv\Lib\site-packages\pluggy\_callers.py", line 121, in _multicall
INTERNALERROR> E                 res = hook_impl.function(*args)
INTERNALERROR> E                       ^^^^^^^^^^^^^^^^^^^^^^^^^
INTERNALERROR> E               File "C:\Users\chira\kova-agent\.venv\Lib\site-packages\xdist\remote.py", line 206, in pytest_runtestloop
INTERNALERROR> E                 self.run_one_test()
INTERNALERROR> E               File "C:\Users\chira\kova-agent\.venv\Lib\site-packages\xdist\remote.py", line 227, in run_one_test
INTERNALERROR> E                 self.config.hook.pytest_runtest_protocol(item=item, nextitem=nextitem)
INTERNALERROR> E               File "C:\Users\chira\kova-agent\.venv\Lib\site-packages\pluggy\_hooks.py", line 512, in __call__
INTERNALERROR> E                 return self._hookexec(self.name, self._hookimpls.copy(), kwargs, firstresult)
INTERNALERROR> E                        ^^^^^^^^^^^^^^^^^^^^^^^^^^^^^^^^^^^^^^^^^^^^^^^^^^^^^^^^^^^^^^^^^^^^^^
INTERNALERROR> E               File "C:\Users\chira\kova-agent\.venv\Lib\site-packages\pluggy\_manager.py", line 120, in _hookexec
INTERNALERROR> E                 return self._inner_hookexec(hook_name, methods, kwargs, firstresult)
INTERNALERROR> E                        ^^^^^^^^^^^^^^^^^^^^^^^^^^^^^^^^^^^^^^^^^^^^^^^^^^^^^^^^^^^^^
INTERNALERROR> E               File "C:\Users\chira\kova-agent\.venv\Lib\site-packages\pluggy\_callers.py", line 167, in _multicall
INTERNALERROR> E                 raise exception
INTERNALERROR> E               File "C:\Users\chira\kova-agent\.venv\Lib\site-packages\pluggy\_callers.py", line 139, in _multicall
INTERNALERROR> E                 teardown.throw(exception)
INTERNALERROR> E               File "C:\Users\chira\kova-agent\.venv\Lib\site-packages\_pytest\warnings.py", line 90, in pytest_runtest_protocol
INTERNALERROR> E                 return (yield)
INTERNALERROR> E                         ^^^^^
INTERNALERROR> E               File "C:\Users\chira\kova-agent\.venv\Lib\site-packages\pluggy\_callers.py", line 139, in _multicall
INTERNALERROR> E                 teardown.throw(exception)
INTERNALERROR> E               File "C:\Users\chira\kova-agent\.venv\Lib\site-packages\_pytest\assertion\__init__.py", line 205, in pytest_runtest_protocol
INTERNALERROR> E                 return (yield)
INTERNALERROR> E                         ^^^^^
INTERNALERROR> E               File "C:\Users\chira\kova-agent\.venv\Lib\site-packages\pluggy\_callers.py", line 139, in _multicall
INTERNALERROR> E                 teardown.throw(exception)
INTERNALERROR> E               File "C:\Users\chira\kova-agent\.venv\Lib\site-packages\pluggy\_callers.py", line 53, in run_old_style_hookwrapper
INTERNALERROR> E                 return result.get_result()
INTERNALERROR> E                        ^^^^^^^^^^^^^^^^^^^
INTERNALERROR> E               File "C:\Users\chira\kova-agent\.venv\Lib\site-packages\pluggy\_result.py", line 103, in get_result
INTERNALERROR> E                 raise exc.with_traceback(tb)
INTERNALERROR> E               File "C:\Users\chira\kova-agent\.venv\Lib\site-packages\pluggy\_callers.py", line 38, in run_old_style_hookwrapper
INTERNALERROR> E                 res = yield
INTERNALERROR> E                       ^^^^^
INTERNALERROR> E               File "C:\Users\chira\kova-agent\.venv\Lib\site-packages\pluggy\_callers.py", line 139, in _multicall
INTERNALERROR> E                 teardown.throw(exception)
INTERNALERROR> E               File "C:\Users\chira\kova-agent\.venv\Lib\site-packages\_pytest\unittest.py", line 612, in pytest_runtest_protocol
INTERNALERROR> E                 return (yield)
INTERNALERROR> E                         ^^^^^
INTERNALERROR> E               File "C:\Users\chira\kova-agent\.venv\Lib\site-packages\pluggy\_callers.py", line 139, in _multicall
INTERNALERROR> E                 teardown.throw(exception)
INTERNALERROR> E               File "C:\Users\chira\kova-agent\.venv\Lib\site-packages\_pytest\faulthandler.py", line 102, in pytest_runtest_protocol
INTERNALERROR> E                 return (yield)
INTERNALERROR> E                         ^^^^^
INTERNALERROR> E               File "C:\Users\chira\kova-agent\.venv\Lib\site-packages\pluggy\_callers.py", line 121, in _multicall
INTERNALERROR> E                 res = hook_impl.function(*args)
INTERNALERROR> E                       ^^^^^^^^^^^^^^^^^^^^^^^^^
INTERNALERROR> E               File "C:\Users\chira\kova-agent\.venv\Lib\site-packages\_pytest\runner.py", line 118, in pytest_runtest_protocol
INTERNALERROR> E                 runtestprotocol(item, nextitem=nextitem)
INTERNALERROR> E               File "C:\Users\chira\kova-agent\.venv\Lib\site-packages\_pytest\runner.py", line 139, in runtestprotocol
INTERNALERROR> E                 reports.append(call_and_report(item, "call", log))
INTERNALERROR> E                                ^^^^^^^^^^^^^^^^^^^^^^^^^^^^^^^^^^
INTERNALERROR> E               File "C:\Users\chira\kova-agent\.venv\Lib\site-packages\_pytest\runner.py", line 254, in call_and_report
INTERNALERROR> E                 report: TestReport = ihook.pytest_runtest_makereport(item=item, call=call)
INTERNALERROR> E                                      ^^^^^^^^^^^^^^^^^^^^^^^^^^^^^^^^^^^^^^^^^^^^^^^^^^^^^
INTERNALERROR> E               File "C:\Users\chira\kova-agent\.venv\Lib\site-packages\pluggy\_hooks.py", line 512, in __call__
INTERNALERROR> E                 return self._hookexec(self.name, self._hookimpls.copy(), kwargs, firstresult)
INTERNALERROR> E                        ^^^^^^^^^^^^^^^^^^^^^^^^^^^^^^^^^^^^^^^^^^^^^^^^^^^^^^^^^^^^^^^^^^^^^^
INTERNALERROR> E               File "C:\Users\chira\kova-agent\.venv\Lib\site-packages\pluggy\_manager.py", line 120, in _hookexec
INTERNALERROR> E                 return self._inner_hookexec(hook_name, methods, kwargs, firstresult)
INTERNALERROR> E                        ^^^^^^^^^^^^^^^^^^^^^^^^^^^^^^^^^^^^^^^^^^^^^^^^^^^^^^^^^^^^^
INTERNALERROR> E               File "C:\Users\chira\kova-agent\.venv\Lib\site-packages\pluggy\_callers.py", line 167, in _multicall
INTERNALERROR> E                 raise exception
INTERNALERROR> E               File "C:\Users\chira\kova-agent\.venv\Lib\site-packages\pluggy\_callers.py", line 139, in _multicall
INTERNALERROR> E                 teardown.throw(exception)
INTERNALERROR> E               File "C:\Users\chira\kova-agent\.venv\Lib\site-packages\_pytest\tmpdir.py", line 347, in pytest_runtest_makereport
INTERNALERROR> E                 rep = yield
INTERNALERROR> E                       ^^^^^
INTERNALERROR> E               File "C:\Users\chira\kova-agent\.venv\Lib\site-packages\pluggy\_callers.py", line 139, in _multicall
INTERNALERROR> E                 teardown.throw(exception)
INTERNALERROR> E               File "C:\Users\chira\kova-agent\.venv\Lib\site-packages\_pytest\skipping.py", line 280, in pytest_runtest_makereport
INTERNALERROR> E                 rep = yield
INTERNALERROR> E                       ^^^^^
INTERNALERROR> E               File "C:\Users\chira\kova-agent\.venv\Lib\site-packages\pluggy\_callers.py", line 121, in _multicall
INTERNALERROR> E                 res = hook_impl.function(*args)
INTERNALERROR> E                       ^^^^^^^^^^^^^^^^^^^^^^^^^
INTERNALERROR> E               File "C:\Users\chira\kova-agent\.venv\Lib\site-packages\_pytest\runner.py", line 385, in pytest_runtest_makereport
INTERNALERROR> E                 return TestReport.from_item_and_call(item, call)
INTERNALERROR> E                        ^^^^^^^^^^^^^^^^^^^^^^^^^^^^^^^^^^^^^^^^^
INTERNALERROR> E               File "C:\Users\chira\kova-agent\.venv\Lib\site-packages\_pytest\reports.py", line 438, in from_item_and_call
INTERNALERROR> E                 longrepr = _format_failed_longrepr(item, call, excinfo)
INTERNALERROR> E                            ^^^^^^^^^^^^^^^^^^^^^^^^^^^^^^^^^^^^^^^^^^^^
INTERNALERROR> E               File "C:\Users\chira\kova-agent\.venv\Lib\site-packages\_pytest\reports.py", line 263, in _format_failed_longrepr
INTERNALERROR> E                 longrepr = item.repr_failure(excinfo)
INTERNALERROR> E                            ^^^^^^^^^^^^^^^^^^^^^^^^^^
INTERNALERROR> E               File "C:\Users\chira\kova-agent\.venv\Lib\site-packages\_pytest\python.py", line 1749, in repr_failure
INTERNALERROR> E                 return self._repr_failure_py(excinfo, style=style)
INTERNALERROR> E                        ^^^^^^^^^^^^^^^^^^^^^^^^^^^^^^^^^^^^^^^^^^^
INTERNALERROR> E               File "C:\Users\chira\kova-agent\.venv\Lib\site-packages\_pytest\nodes.py", line 444, in _repr_failure_py
INTERNALERROR> E                 abspath = Path(os.getcwd()) != self.config.invocation_params.dir
INTERNALERROR> E                           ^^^^^^^^^^^^^^^^^
INTERNALERROR> E               File "C:\Users\chira\AppData\Local\kova\hermes-agent\.hermes-runtime\python\generation-1787421594-21304-dfed36d7\cpython-3.11-windows-x86_64-none\Lib\pathlib.py", line 873, in __new__
INTERNALERROR> E                 raise NotImplementedError("cannot instantiate %r on your system"
INTERNALERROR> E             NotImplementedError: cannot instantiate 'PosixPath' on your system
INTERNALERROR> E           assert False
INTERNALERROR> 
INTERNALERROR> .venv\Lib\site-packages\xdist\dsession.py:232: AssertionError
.........FF.....INTERNALERROR> Traceback (most recent call last):
INTERNALERROR>   File "C:\Users\chira\kova-agent\.venv\Lib\site-packages\_pytest\main.py", line 330, in wrap_session
INTERNALERROR>     session.exitstatus = doit(config, session) or 0
INTERNALERROR>                          ^^^^^^^^^^^^^^^^^^^^^
INTERNALERROR>   File "C:\Users\chira\kova-agent\.venv\Lib\site-packages\_pytest\main.py", line 384, in _main
INTERNALERROR>     config.hook.pytest_runtestloop(session=session)
INTERNALERROR>   File "C:\Users\chira\kova-agent\.venv\Lib\site-packages\pluggy\_hooks.py", line 512, in __call__
INTERNALERROR>     return self._hookexec(self.name, self._hookimpls.copy(), kwargs, firstresult)
INTERNALERROR>            ^^^^^^^^^^^^^^^^^^^^^^^^^^^^^^^^^^^^^^^^^^^^^^^^^^^^^^^^^^^^^^^^^^^^^^
INTERNALERROR>   File "C:\Users\chira\kova-agent\.venv\Lib\site-packages\pluggy\_manager.py", line 120, in _hookexec
INTERNALERROR>     return self._inner_hookexec(hook_name, methods, kwargs, firstresult)
INTERNALERROR>            ^^^^^^^^^^^^^^^^^^^^^^^^^^^^^^^^^^^^^^^^^^^^^^^^^^^^^^^^^^^^^
INTERNALERROR>   File "C:\Users\chira\kova-agent\.venv\Lib\site-packages\pluggy\_callers.py", line 167, in _multicall
INTERNALERROR>     raise exception
INTERNALERROR>   File "C:\Users\chira\kova-agent\.venv\Lib\site-packages\pluggy\_callers.py", line 139, in _multicall
INTERNALERROR>     teardown.throw(exception)
INTERNALERROR>   File "C:\Users\chira\kova-agent\.venv\Lib\site-packages\_pytest\logging.py", line 816, in pytest_runtestloop
INTERNALERROR>     return (yield)  # Run all the tests.
INTERNALERROR>             ^^^^^
INTERNALERROR>   File "C:\Users\chira\kova-agent\.venv\Lib\site-packages\pluggy\_callers.py", line 139, in _multicall
INTERNALERROR>     teardown.throw(exception)
INTERNALERROR>   File "C:\Users\chira\kova-agent\.venv\Lib\site-packages\_pytest\terminal.py", line 708, in pytest_runtestloop
INTERNALERROR>     result = yield
INTERNALERROR>              ^^^^^
INTERNALERROR>   File "C:\Users\chira\kova-agent\.venv\Lib\site-packages\pluggy\_callers.py", line 121, in _multicall
INTERNALERROR>     res = hook_impl.function(*args)
INTERNALERROR>           ^^^^^^^^^^^^^^^^^^^^^^^^^
INTERNALERROR>   File "C:\Users\chira\kova-agent\.venv\Lib\site-packages\xdist\dsession.py", line 138, in pytest_runtestloop
INTERNALERROR>     self.loop_once()
INTERNALERROR>   File "C:\Users\chira\kova-agent\.venv\Lib\site-packages\xdist\dsession.py", line 163, in loop_once
INTERNALERROR>     call(**kwargs)
INTERNALERROR>   File "C:\Users\chira\kova-agent\.venv\Lib\site-packages\xdist\dsession.py", line 217, in worker_workerfinished
INTERNALERROR>     assert not crashitem, (crashitem, node)
INTERNALERROR> AssertionError: ('tests/tools/test_browser_npx_warmup.py::test_runs_in_its_own_process_group_on_posix', <WorkerController gw1>)
INTERNALERROR> assert not 'tests/tools/test_browser_npx_warmup.py::test_runs_in_its_own_process_group_on_posix'

236 failed, 5605 passed, 153 skipped, 4 warnings, 10 errors in 328.31s (0:05:28)
EXIT: 3
