bringing up nodes...
bringing up nodes...

........................................................................ [  0%]
...............sss..................................ssss................ [  1%]
........................................................................ [  1%]
....................s...............F................................... [  2%]
........................................................................ [  2%]
..............F...................................F..F.F.Fss............ [  3%]
........................................................................ [  3%]
........................................................................ [  4%]
................F.....F.........s....................................... [  4%]
......s.......F..............................s...s.............s.sss..s. [  5%]
..................................................sssss................. [  5%]
...s...................F................................................ [  6%]
..F..F.................................................................. [  6%]
......................................................F..F.F.F.F..F...F. [  7%]
F.F..................................................................... [  7%]
........................FFssF...s............F.F.............F.......... [  8%]
.sssss.........s..s....ssss...........s................................. [  8%]
........................................................................ [  9%]
......F.F..F............................................................ [  9%]
sss..........ss......................................................... [ 10%]
.......Call stack:
..  File "C:\Users\chira\AppData\Local\kova\hermes-agent\.hermes-runtime\python\generation-1787421594-21304-dfed36d7\cpython-3.11-windows-x86_64-none\Lib\threading.py", line 1002, in _bootstrap
    self._bootstrap_inner()
  File "C:\Users\chira\AppData\Local\kova\hermes-agent\.hermes-runtime\python\generation-1787421594-21304-dfed36d7\cpython-3.11-windows-x86_64-none\Lib\threading.py", line 1045, in _bootstrap_inner
    self.run()
  File "C:\Users\chira\AppData\Local\kova\hermes-agent\.hermes-runtime\python\generation-1787421594-21304-dfed36d7\cpython-3.11-windows-x86_64-none\Lib\threading.py", line 982, in run
    self._target(*self._args, **self._kwargs)
  File "C:\Users\chira\AppData\Local\kova\hermes-agent\.hermes-runtime\python\generation-1787421594-21304-dfed36d7\cpython-3.11-windows-x86_64-none\Lib\logging\handlers.py", line 1578, in _monitor
    self.handle(record)
  File "C:\Users\chira\AppData\Local\kova\hermes-agent\.hermes-runtime\python\generation-1787421594-21304-dfed36d7\cpython-3.11-windows-x86_64-none\Lib\logging\handlers.py", line 1559, in handle
    handler.handle(record)
  File "C:\Users\chira\AppData\Local\kova\hermes-agent\.hermes-runtime\python\generation-1787421594-21304-dfed36d7\cpython-3.11-windows-x86_64-none\Lib\logging\__init__.py", line 978, in handle
    self.emit(record)
  File "C:\Users\chira\kova-agent\kova_logging.py", line 519, in emit
    super().emit(record)
  File "C:\Users\chira\kova-agent\.venv\Lib\site-packages\concurrent_log_handler\__init__.py", line 477, in emit
    self.handleError(record)
...................................................F........... [ 10%]
...........F......................................s..................... [ 11%]
..............................................FF..F..F.F.F..F.F........F [ 11%]
s...............................ss.....F.F.F........F...FF.F..F......... [ 12%]
ssssss.........F................................................F....... [ 12%]
..................F......................s..........................F... [ 13%]
.F...F....F......F...................................................... [ 13%]
.F.............................................F........................ [ 14%]
.....................................................s.................. [ 14%]
...............F..F..F.....................F....F..F.................... [ 15%]
...........F...........................................F.....F...F...... [ 15%]
...........F.................F..............F......F.................... [ 16%]
........................F..F..F....................F.................... [ 16%]
......................................................................s. [ 17%]
........................................................................ [ 17%]
......................F................................................. [ 18%]
..........................................F...F......................... [ 18%]
............................F.....................s..................... [ 19%]
................ss..........F....s............F....F....F............... [ 19%]
..........F........F............F..........................F............ [ 20%]
....................................F.......................F........... [ 20%]
..FF..................F....sF........F...FF..F.F..F..F........s......... [ 21%]
.F........................................F..F........ss................ [ 21%]
........................................................................ [ 22%]
.......................F................................................ [ 22%]
..................F..............F.....................F................ [ 23%]
..........................F............................................. [ 24%]
........................................................................ [ 24%]
..............................F....................F.................... [ 25%]
........F.............F......................F.......................... [ 25%]
....s......sF..ss..........ssssss.F..........F.......................... [ 26%]
.ss.s.F......F.Fsss...F....F..F.....ssss.s..........F.s......ssss...F... [ 26%]
..............................................FFFF...................... [ 27%]
..............F.......F.......F...........F.F......F.FF........F........ [ 27%]
..F.F...F...........................F......F.......F......sssF.....F.... [ 28%]
.s......F.................F..............F.............................. [ 28%]
....................F......F.......F...............F..F................. [ 29%]
....F.F....F.F.F..............FFFss..................................... [ 29%]
..........F..........................................................F.. [ 30%]
.......................F................................F............... [ 30%]
.............ss.F..FF................F..F..F.....................F.F.F.. [ 31%]
F..F....F.F............................................................. [ 31%]
................F......F.F..............sssssssssssssssssssssssssss..... [ 32%]
........................................................................ [ 32%]
..............F.....................................F........F.......... [ 33%]
......FF...............................................................F [ 33%]
.............................................................F.......... [ 34%]
..................................F................sss.................. [ 34%]
..F.........s...........................Fs.............................. [ 35%]
.........F.........s..........................F.....F................... [ 35%]
..............................................F......................... [ 36%]
...........F...F.....................................................F.. [ 36%]
.............Fs................F.F.s.F..FF..F...F.F.FF.F..FF..F..FF...F. [ 37%]
.F..F.......F.F.F...................s............................F...... [ 37%]
...............................F.............F.FF.FF..F.............F... [ 38%]
...............s..................F....................ssss............. [ 38%]
.......................................F................................ [ 39%]
............sssss..........................F.......F.................... [ 39%]
.....F..........FF....F..F..F...F.F..F......F.F.F...F.F................. [ 40%]
.........F.F......................F..................................... [ 40%]
.............F.....s.......................F.........F................F. [ 41%]
............F........F..................F...ssss..F....FF.............F. [ 41%]
....F.......F.F...F.F..F....F........F.........F.F.......F.............. [ 42%]
.......................F.............F.................................. [ 42%]
....................F........F......F.......F.....F..FF...FF......F....F [ 43%]
...F..F.FF....F.......Fs...F.....F.........F.....................F...... [ 43%]
..................F...F...F..F.......................................... [ 44%]
....................................................................F... [ 44%]
...............................F.........F..FF..F..F...........F........ [ 45%]
.....................F.........F........................................ [ 45%]
..............................................................F.....s... [ 46%]
........................................................................ [ 46%]
..F.FFFFF...ss.......................................................... [ 47%]
...................F..............Fsssssssss........sssss..uu.uuu.s.F..s [ 47%]
.F......F............F..ssssss............F...........s....ss........... [ 48%]
..............F......................................................... [ 48%]
......s.ss................F.........FF.F.......uu.F...F................. [ 49%]
........................................................s............... [ 50%]
..............s.s..........................................F............ [ 50%]
.........s.....................F.F.........F.F...F...................... [ 51%]
.F...................................................................... [ 51%]
.F..F...F.......................................................F...F... [ 52%]
..................................F............F............F........... [ 52%]
.............................FF....F.....F...F...F.............F........ [ 53%]
........................................................................ [ 53%]
................................................ssF.......F............. [ 54%]
...................................................................F.F.. [ 54%]
.......................F.......F..................F............F...F.... [ 55%]
..F...F..F.F...s..s...s..F.............................................. [ 55%]
........................................................................ [ 56%]
...........................................................F......F..... [ 56%]
F....................................................................... [ 57%]
........................................................................ [ 57%]
........................................................................ [ 58%]
.................................F..............F.........F.F........... [ 58%]
.........F..F.................F.F..F..F......F..F....................... [ 59%]
.F..........................................F.....F..F....F.Fs.F..F.F.F. [ 59%]
.F..F..F.F..F...F..F..F..F..F...........................s............... [ 60%]
...........................F....F..F..F................................. [ 60%]
.............F................................F......................... [ 61%]
...............s..................................F..................... [ 61%]
........................................................................ [ 62%]
........................................................................ [ 62%]
........................................INTERNALERROR> def worker_internal_error(
INTERNALERROR>         self, node: WorkerController, formatted_error: str
INTERNALERROR>     ) -> None:
INTERNALERROR>         """
INTERNALERROR>         pytest_internalerror() was called on the worker.
INTERNALERROR>     
INTERNALERROR>         pytest_internalerror() arguments are an excinfo and an excrepr, which can't
INTERNALERROR>         be serialized, so we go with a poor man's solution of raising an exception
INTERNALERROR>         here ourselves using the formatted message.
INTERNALERROR>         """
INTERNALERROR>         self._active_nodes.remove(node)
INTERNALERROR>         try:
INTERNALERROR> >           assert False, formatted_error
INTERNALERROR> E           AssertionError: Traceback (most recent call last):
INTERNALERROR> E               File "C:\Users\chira\kova-agent\.venv\Lib\site-packages\_pytest\main.py", line 330, in wrap_session
INTERNALERROR> E                 session.exitstatus = doit(config, session) or 0
INTERNALERROR> E                                      ^^^^^^^^^^^^^^^^^^^^^
INTERNALERROR> E               File "C:\Users\chira\kova-agent\.venv\Lib\site-packages\_pytest\main.py", line 384, in _main
INTERNALERROR> E                 config.hook.pytest_runtestloop(session=session)
INTERNALERROR> E               File "C:\Users\chira\kova-agent\.venv\Lib\site-packages\pluggy\_hooks.py", line 512, in __call__
INTERNALERROR> E                 return self._hookexec(self.name, self._hookimpls.copy(), kwargs, firstresult)
INTERNALERROR> E                        ^^^^^^^^^^^^^^^^^^^^^^^^^^^^^^^^^^^^^^^^^^^^^^^^^^^^^^^^^^^^^^^^^^^^^^
INTERNALERROR> E               File "C:\Users\chira\kova-agent\.venv\Lib\site-packages\pluggy\_manager.py", line 120, in _hookexec
INTERNALERROR> E                 return self._inner_hookexec(hook_name, methods, kwargs, firstresult)
INTERNALERROR> E                        ^^^^^^^^^^^^^^^^^^^^^^^^^^^^^^^^^^^^^^^^^^^^^^^^^^^^^^^^^^^^^
INTERNALERROR> E               File "C:\Users\chira\kova-agent\.venv\Lib\site-packages\pluggy\_callers.py", line 167, in _multicall
INTERNALERROR> E                 raise exception
INTERNALERROR> E               File "C:\Users\chira\kova-agent\.venv\Lib\site-packages\pluggy\_callers.py", line 139, in _multicall
INTERNALERROR> E                 teardown.throw(exception)
INTERNALERROR> E               File "C:\Users\chira\kova-agent\.venv\Lib\site-packages\_pytest\logging.py", line 816, in pytest_runtestloop
INTERNALERROR> E                 return (yield)  # Run all the tests.
INTERNALERROR> E                         ^^^^^
INTERNALERROR> E               File "C:\Users\chira\kova-agent\.venv\Lib\site-packages\pluggy\_callers.py", line 139, in _multicall
INTERNALERROR> E                 teardown.throw(exception)
INTERNALERROR> E               File "C:\Users\chira\kova-agent\.venv\Lib\site-packages\_pytest\terminal.py", line 708, in pytest_runtestloop
INTERNALERROR> E                 result = yield
INTERNALERROR> E                          ^^^^^
INTERNALERROR> E               File "C:\Users\chira\kova-agent\.venv\Lib\site-packages\pluggy\_callers.py", line 121, in _multicall
INTERNALERROR> E                 res = hook_impl.function(*args)
INTERNALERROR> E                       ^^^^^^^^^^^^^^^^^^^^^^^^^
INTERNALERROR> E               File "C:\Users\chira\kova-agent\.venv\Lib\site-packages\xdist\remote.py", line 206, in pytest_runtestloop
INTERNALERROR> E                 self.run_one_test()
INTERNALERROR> E               File "C:\Users\chira\kova-agent\.venv\Lib\site-packages\xdist\remote.py", line 227, in run_one_test
INTERNALERROR> E                 self.config.hook.pytest_runtest_protocol(item=item, nextitem=nextitem)
INTERNALERROR> E               File "C:\Users\chira\kova-agent\.venv\Lib\site-packages\pluggy\_hooks.py", line 512, in __call__
INTERNALERROR> E                 return self._hookexec(self.name, self._hookimpls.copy(), kwargs, firstresult)
INTERNALERROR> E                        ^^^^^^^^^^^^^^^^^^^^^^^^^^^^^^^^^^^^^^^^^^^^^^^^^^^^^^^^^^^^^^^^^^^^^^
INTERNALERROR> E               File "C:\Users\chira\kova-agent\.venv\Lib\site-packages\pluggy\_manager.py", line 120, in _hookexec
INTERNALERROR> E                 return self._inner_hookexec(hook_name, methods, kwargs, firstresult)
INTERNALERROR> E                        ^^^^^^^^^^^^^^^^^^^^^^^^^^^^^^^^^^^^^^^^^^^^^^^^^^^^^^^^^^^^^
INTERNALERROR> E               File "C:\Users\chira\kova-agent\.venv\Lib\site-packages\pluggy\_callers.py", line 167, in _multicall
INTERNALERROR> E                 raise exception
INTERNALERROR> E               File "C:\Users\chira\kova-agent\.venv\Lib\site-packages\pluggy\_callers.py", line 139, in _multicall
INTERNALERROR> E                 teardown.throw(exception)
INTERNALERROR> E               File "C:\Users\chira\kova-agent\.venv\Lib\site-packages\_pytest\warnings.py", line 90, in pytest_runtest_protocol
INTERNALERROR> E                 return (yield)
INTERNALERROR> E                         ^^^^^
INTERNALERROR> E               File "C:\Users\chira\kova-agent\.venv\Lib\site-packages\pluggy\_callers.py", line 139, in _multicall
INTERNALERROR> E                 teardown.throw(exception)
INTERNALERROR> E               File "C:\Users\chira\kova-agent\.venv\Lib\site-packages\_pytest\assertion\__init__.py", line 205, in pytest_runtest_protocol
INTERNALERROR> E                 return (yield)
INTERNALERROR> E                         ^^^^^
INTERNALERROR> E               File "C:\Users\chira\kova-agent\.venv\Lib\site-packages\pluggy\_callers.py", line 139, in _multicall
INTERNALERROR> E                 teardown.throw(exception)
INTERNALERROR> E               File "C:\Users\chira\kova-agent\.venv\Lib\site-packages\pluggy\_callers.py", line 53, in run_old_style_hookwrapper
INTERNALERROR> E                 return result.get_result()
INTERNALERROR> E                        ^^^^^^^^^^^^^^^^^^^
INTERNALERROR> E               File "C:\Users\chira\kova-agent\.venv\Lib\site-packages\pluggy\_result.py", line 103, in get_result
INTERNALERROR> E                 raise exc.with_traceback(tb)
INTERNALERROR> E               File "C:\Users\chira\kova-agent\.venv\Lib\site-packages\pluggy\_callers.py", line 38, in run_old_style_hookwrapper
INTERNALERROR> E                 res = yield
INTERNALERROR> E                       ^^^^^
INTERNALERROR> E               File "C:\Users\chira\kova-agent\.venv\Lib\site-packages\pluggy\_callers.py", line 139, in _multicall
INTERNALERROR> E                 teardown.throw(exception)
INTERNALERROR> E               File "C:\Users\chira\kova-agent\.venv\Lib\site-packages\_pytest\unittest.py", line 612, in pytest_runtest_protocol
INTERNALERROR> E                 return (yield)
INTERNALERROR> E                         ^^^^^
INTERNALERROR> E               File "C:\Users\chira\kova-agent\.venv\Lib\site-packages\pluggy\_callers.py", line 139, in _multicall
INTERNALERROR> E                 teardown.throw(exception)
INTERNALERROR> E               File "C:\Users\chira\kova-agent\.venv\Lib\site-packages\_pytest\faulthandler.py", line 102, in pytest_runtest_protocol
INTERNALERROR> E                 return (yield)
INTERNALERROR> E                         ^^^^^
INTERNALERROR> E               File "C:\Users\chira\kova-agent\.venv\Lib\site-packages\pluggy\_callers.py", line 121, in _multicall
INTERNALERROR> E                 res = hook_impl.function(*args)
INTERNALERROR> E                       ^^^^^^^^^^^^^^^^^^^^^^^^^
INTERNALERROR> E               File "C:\Users\chira\kova-agent\.venv\Lib\site-packages\_pytest\runner.py", line 118, in pytest_runtest_protocol
INTERNALERROR> E                 runtestprotocol(item, nextitem=nextitem)
INTERNALERROR> E               File "C:\Users\chira\kova-agent\.venv\Lib\site-packages\_pytest\runner.py", line 139, in runtestprotocol
INTERNALERROR> E                 reports.append(call_and_report(item, "call", log))
INTERNALERROR> E                                ^^^^^^^^^^^^^^^^^^^^^^^^^^^^^^^^^^
INTERNALERROR> E               File "C:\Users\chira\kova-agent\.venv\Lib\site-packages\_pytest\runner.py", line 254, in call_and_report
INTERNALERROR> E                 report: TestReport = ihook.pytest_runtest_makereport(item=item, call=call)
INTERNALERROR> E                                      ^^^^^^^^^^^^^^^^^^^^^^^^^^^^^^^^^^^^^^^^^^^^^^^^^^^^^
INTERNALERROR> E               File "C:\Users\chira\kova-agent\.venv\Lib\site-packages\pluggy\_hooks.py", line 512, in __call__
INTERNALERROR> E                 return self._hookexec(self.name, self._hookimpls.copy(), kwargs, firstresult)
INTERNALERROR> E                        ^^^^^^^^^^^^^^^^^^^^^^^^^^^^^^^^^^^^^^^^^^^^^^^^^^^^^^^^^^^^^^^^^^^^^^
INTERNALERROR> E               File "C:\Users\chira\kova-agent\.venv\Lib\site-packages\pluggy\_manager.py", line 120, in _hookexec
INTERNALERROR> E                 return self._inner_hookexec(hook_name, methods, kwargs, firstresult)
INTERNALERROR> E                        ^^^^^^^^^^^^^^^^^^^^^^^^^^^^^^^^^^^^^^^^^^^^^^^^^^^^^^^^^^^^^
INTERNALERROR> E               File "C:\Users\chira\kova-agent\.venv\Lib\site-packages\pluggy\_callers.py", line 167, in _multicall
INTERNALERROR> E                 raise exception
INTERNALERROR> E               File "C:\Users\chira\kova-agent\.venv\Lib\site-packages\pluggy\_callers.py", line 139, in _multicall
INTERNALERROR> E                 teardown.throw(exception)
INTERNALERROR> E               File "C:\Users\chira\kova-agent\.venv\Lib\site-packages\_pytest\tmpdir.py", line 347, in pytest_runtest_makereport
INTERNALERROR> E                 rep = yield
INTERNALERROR> E                       ^^^^^
INTERNALERROR> E               File "C:\Users\chira\kova-agent\.venv\Lib\site-packages\pluggy\_callers.py", line 139, in _multicall
INTERNALERROR> E                 teardown.throw(exception)
INTERNALERROR> E               File "C:\Users\chira\kova-agent\.venv\Lib\site-packages\_pytest\skipping.py", line 280, in pytest_runtest_makereport
INTERNALERROR> E                 rep = yield
INTERNALERROR> E                       ^^^^^
INTERNALERROR> E               File "C:\Users\chira\kova-agent\.venv\Lib\site-packages\pluggy\_callers.py", line 121, in _multicall
INTERNALERROR> E                 res = hook_impl.function(*args)
INTERNALERROR> E                       ^^^^^^^^^^^^^^^^^^^^^^^^^
INTERNALERROR> E               File "C:\Users\chira\kova-agent\.venv\Lib\site-packages\_pytest\runner.py", line 385, in pytest_runtest_makereport
INTERNALERROR> E                 return TestReport.from_item_and_call(item, call)
INTERNALERROR> E                        ^^^^^^^^^^^^^^^^^^^^^^^^^^^^^^^^^^^^^^^^^
INTERNALERROR> E               File "C:\Users\chira\kova-agent\.venv\Lib\site-packages\_pytest\reports.py", line 438, in from_item_and_call
INTERNALERROR> E                 longrepr = _format_failed_longrepr(item, call, excinfo)
INTERNALERROR> E                            ^^^^^^^^^^^^^^^^^^^^^^^^^^^^^^^^^^^^^^^^^^^^
INTERNALERROR> E               File "C:\Users\chira\kova-agent\.venv\Lib\site-packages\_pytest\reports.py", line 263, in _format_failed_longrepr
INTERNALERROR> E                 longrepr = item.repr_failure(excinfo)
INTERNALERROR> E                            ^^^^^^^^^^^^^^^^^^^^^^^^^^
INTERNALERROR> E               File "C:\Users\chira\kova-agent\.venv\Lib\site-packages\_pytest\python.py", line 1749, in repr_failure
INTERNALERROR> E                 return self._repr_failure_py(excinfo, style=style)
INTERNALERROR> E                        ^^^^^^^^^^^^^^^^^^^^^^^^^^^^^^^^^^^^^^^^^^^
INTERNALERROR> E               File "C:\Users\chira\kova-agent\.venv\Lib\site-packages\_pytest\nodes.py", line 444, in _repr_failure_py
INTERNALERROR> E                 abspath = Path(os.getcwd()) != self.config.invocation_params.dir
INTERNALERROR> E                           ^^^^^^^^^^^^^^^^^
INTERNALERROR> E               File "C:\Users\chira\AppData\Local\kova\hermes-agent\.hermes-runtime\python\generation-1787421594-21304-dfed36d7\cpython-3.11-windows-x86_64-none\Lib\pathlib.py", line 873, in __new__
INTERNALERROR> E                 raise NotImplementedError("cannot instantiate %r on your system"
INTERNALERROR> E             NotImplementedError: cannot instantiate 'PosixPath' on your system
INTERNALERROR> E           assert False
INTERNALERROR> 
INTERNALERROR> .venv\Lib\site-packages\xdist\dsession.py:232: AssertionError
..................................................F..................INTERNALERROR> Traceback (most recent call last):
INTERNALERROR>   File "C:\Users\chira\kova-agent\.venv\Lib\site-packages\_pytest\main.py", line 330, in wrap_session
INTERNALERROR>     session.exitstatus = doit(config, session) or 0
INTERNALERROR>                          ^^^^^^^^^^^^^^^^^^^^^
INTERNALERROR>   File "C:\Users\chira\kova-agent\.venv\Lib\site-packages\_pytest\main.py", line 384, in _main
INTERNALERROR>     config.hook.pytest_runtestloop(session=session)
INTERNALERROR>   File "C:\Users\chira\kova-agent\.venv\Lib\site-packages\pluggy\_hooks.py", line 512, in __call__
INTERNALERROR>     return self._hookexec(self.name, self._hookimpls.copy(), kwargs, firstresult)
INTERNALERROR>            ^^^^^^^^^^^^^^^^^^^^^^^^^^^^^^^^^^^^^^^^^^^^^^^^^^^^^^^^^^^^^^^^^^^^^^
INTERNALERROR>   File "C:\Users\chira\kova-agent\.venv\Lib\site-packages\pluggy\_manager.py", line 120, in _hookexec
INTERNALERROR>     return self._inner_hookexec(hook_name, methods, kwargs, firstresult)
INTERNALERROR>            ^^^^^^^^^^^^^^^^^^^^^^^^^^^^^^^^^^^^^^^^^^^^^^^^^^^^^^^^^^^^^
INTERNALERROR>   File "C:\Users\chira\kova-agent\.venv\Lib\site-packages\pluggy\_callers.py", line 167, in _multicall
INTERNALERROR>     raise exception
INTERNALERROR>   File "C:\Users\chira\kova-agent\.venv\Lib\site-packages\pluggy\_callers.py", line 139, in _multicall
INTERNALERROR>     teardown.throw(exception)
INTERNALERROR>   File "C:\Users\chira\kova-agent\.venv\Lib\site-packages\_pytest\logging.py", line 816, in pytest_runtestloop
INTERNALERROR>     return (yield)  # Run all the tests.
INTERNALERROR>             ^^^^^
INTERNALERROR>   File "C:\Users\chira\kova-agent\.venv\Lib\site-packages\pluggy\_callers.py", line 139, in _multicall
INTERNALERROR>     teardown.throw(exception)
INTERNALERROR>   File "C:\Users\chira\kova-agent\.venv\Lib\site-packages\_pytest\terminal.py", line 708, in pytest_runtestloop
INTERNALERROR>     result = yield
INTERNALERROR>              ^^^^^
INTERNALERROR>   File "C:\Users\chira\kova-agent\.venv\Lib\site-packages\pluggy\_callers.py", line 121, in _multicall
INTERNALERROR>     res = hook_impl.function(*args)
INTERNALERROR>           ^^^^^^^^^^^^^^^^^^^^^^^^^
INTERNALERROR>   File "C:\Users\chira\kova-agent\.venv\Lib\site-packages\xdist\dsession.py", line 138, in pytest_runtestloop
INTERNALERROR>     self.loop_once()
INTERNALERROR>   File "C:\Users\chira\kova-agent\.venv\Lib\site-packages\xdist\dsession.py", line 163, in loop_once
INTERNALERROR>     call(**kwargs)
INTERNALERROR>   File "C:\Users\chira\kova-agent\.venv\Lib\site-packages\xdist\dsession.py", line 217, in worker_workerfinished
INTERNALERROR>     assert not crashitem, (crashitem, node)
INTERNALERROR> AssertionError: ('tests/tools/test_browser_npx_warmup.py::test_runs_in_its_own_process_group_on_posix', <WorkerController gw5>)
INTERNALERROR> assert not 'tests/tools/test_browser_npx_warmup.py::test_runs_in_its_own_process_group_on_posix'

412 failed, 8351 passed, 203 skipped, 29 warnings, 7 subtests passed in 493.80s (0:08:13)
EXIT: 3
