bringing up nodes...
bringing up nodes...

........................................................................ [  0%]
..........................................F.F..F.....F.................. [  0%]
........................................................................ [  0%]
........................................................................ [  0%]
........................................................................ [  0%]
.............................F.......................................... [  1%]
...............................F......................................FF [  1%]
....F.F.F........FF.FF..F....F....F...F...F.F.FF.FF.FF.........F........ [  1%]
.....F.................................................................. [  1%]
........................................................................ [  1%]
................................................F...F..F................ [  2%]
................................--- Logging error ---
Call stack:
  File "C:\Users\chira\AppData\Local\kova\hermes-agent\.hermes-runtime\python\generation-1787421594-21304-dfed36d7\cpython-3.11-windows-x86_64-none\Lib\threading.py", line 1002, in _bootstrap
    self._bootstrap_inner()
  File "C:\Users\chira\AppData\Local\kova\hermes-agent\.hermes-runtime\python\generation-1787421594-21304-dfed36d7\cpython-3.11-windows-x86_64-none\Lib\threading.py", line 1045, in _bootstrap_inner
    self.run()
  File "C:\Users\chira\AppData\Local\kova\hermes-agent\.hermes-runtime\python\generation-1787421594-21304-dfed36d7\cpython-3.11-windows-x86_64-none\Lib\threading.py", line 982, in run
    self._target(*self._args, **self._kwargs)
  File "C:\Users\chira\AppData\Local\kova\hermes-agent\.hermes-runtime\python\generation-1787421594-21304-dfed36d7\cpython-3.11-windows-x86_64-none\Lib\logging\handlers.py", line 1578, in _monitor
    self.handle(record)
  File "C:\Users\chira\AppData\Local\kova\hermes-agent\.hermes-runtime\python\generation-1787421594-21304-dfed36d7\cpython-3.11-windows-x86_64-none\Lib\logging\handlers.py", line 1559, in handle
    handler.handle(record)
  File "C:\Users\chira\AppData\Local\kova\hermes-agent\.hermes-runtime\python\generation-1787421594-21304-dfed36d7\cpython-3.11-windows-x86_64-none\Lib\logging\__init__.py", line 978, in handle
    self.emit(record)
  File "C:\Users\chira\kova-agent-new\kova_logging.py", line 519, in emit
    super().emit(record)
  File "C:\Users\chira\kova-agent-archive-v1\.venv\Lib\site-packages\concurrent_log_handler\__init__.py", line 477, in emit
    self.handleError(record)
Message: 'Trace upload redaction failed; refusing upload'
Arguments: ()
........................................ [  2%]
........................................................................ [  2%]
.................F.....s................................................ [  2%]
..........F............................................................. [  2%]
.........................................................FF............. [  2%]
........................................F............................... [  3%]
........................................................................ [  3%]
........................................................................ [  3%]
.......F................................................................ [  3%]
........................................................................ [  3%]
........................................................................ [  4%]
........................................s............................... [  4%]
.F...................................................................... [  4%]
........................................................................ [  4%]
........................................................................ [  4%]
........................................................................ [  5%]
........................................................................ [  5%]
.................................F...................................... [  5%]
............................................s........................... [  5%]
..............................................................sssssss... [  5%]
............s........................................................... [  5%]
.....................................F..F..F............................ [  6%]
.............s.......................................................... [  6%]
...........F............................................................ [  6%]
........................................................................ [  6%]
........................................................................ [  6%]
........................................................................ [  7%]
........................................................................ [  7%]
........................................................................ [  7%]
................F......F............F...F.F...F......................... [  7%]
........................................................................ [  7%]
...................s.................................................... [  8%]
........................................................................ [  8%]
...................................F....F............................... [  8%]
........................................................................ [  8%]
........................................................................ [  8%]
................................................................s.s..... [  8%]
.......................................................s................ [  9%]
.........................................ss............................. [  9%]
............................................................s.ssssss.sss [  9%]
..............F...................................................F.FFFF [  9%]
FFFFFF...............F..............................F................... [  9%]
........................................................................ [ 10%]
............F.......................F................................... [ 10%]
.....................F.................................................. [ 10%]
.....................................F.................................. [ 10%]
................................................s..s.................... [ 10%]
........................................................................ [ 10%]
..............F...........................FF...F.F..F......F....F.....F. [ 11%]
.....................F......F..FF...F....F..................F........... [ 11%]
................................F....................................... [ 11%]
...................................F..F.F....F...FF..FF................. [ 11%]
..........F.....................sssss................................... [ 11%]
........................................................................ [ 12%]
........................................................................ [ 12%]
........................................................................ [ 12%]
........................................................................ [ 12%]
........................F............................................... [ 12%]
........................................................................ [ 13%]
........................................................................ [ 13%]
........................................................................ [ 13%]
.....................................................................F.. [ 13%]
................................................F.F..................... [ 13%]
...................................F.................................... [ 13%]
........................................................................ [ 14%]
........................................................................ [ 14%]
........................................................................ [ 14%]
........................................................................ [ 14%]
........................................................................ [ 14%]
....................................................................F... [ 15%]
........................................................................ [ 15%]
........................................................................ [ 15%]
............s.ss.ssssssssss.ss.ss....................................... [ 15%]
........................................................................ [ 15%]
........................................................................ [ 16%]
.......F....F........................................................... [ 16%]
...........................................F..........................F. [ 16%]
..F............F..............................F......................... [ 16%]
......................................F................................. [ 16%]
.............................................................F.F........ [ 16%]
........................................................................ [ 17%]
........................................................................ [ 17%]
.......................F....F..F...F......F.......F...F..F.F..F..F.F.... [ 17%]
F...F..F........F..F..F................................................. [ 17%]
........................................................................ [ 17%]
..............F......................................................... [ 18%]
........................................................................ [ 18%]
....F................................................................... [ 18%]
......F..F..........................F..F...F.............F.............. [ 18%]
..................................FF.................................... [ 18%]
........................................................................ [ 18%]
.......................F....F.....................F..................... [ 19%]
...............................F....F...............F...F......F........ [ 19%]
..................F................FFF.............................F.... [ 19%]
.................F................F.F................................... [ 19%]
........................................................................ [ 19%]
........................................................................ [ 20%]
........................................................................ [ 20%]
........................................................................ [ 20%]
....................F...s............................................... [ 20%]
........................................................................ [ 20%]
.......................................................F..F..F.F.....FF. [ 21%]
...............................s.........F...FF..F......F..F............ [ 21%]
............................sss.sssss................................... [ 21%]
................s.sssss.sssssssssss.ssssssss.s.ssssssssss.sssssssssss.ss [ 21%]
ssssssss..........................F.....F...s.......F..F................ [ 21%]
...F...F.F.F.....F.F.F....F....F..FF.F.F..F.F.F.sssssssss.F....Fssssssss [ 21%]
........................................................................ [ 22%]
...F.................................................................... [ 22%]
........................................................................ [ 22%]
..........................................................F......F..F... [ 22%]
........................................................................ [ 22%]
................s..s.........................................s..s....... [ 23%]
........................................................................ [ 23%]
........................................................................ [ 23%]
........................................................................ [ 23%]
........................................................................ [ 23%]
........................................................................ [ 24%]
..............................................x..........s.FF........... [ 24%]
........................................................................ [ 24%]
..............F......................................................... [ 24%]
...........................F............................................ [ 24%]
................................ss.ss................................... [ 24%]
........................................................................ [ 25%]
........................................................................ [ 25%]
...............s........................................................ [ 25%]
.........................................s.ssssssssss.ssss.............. [ 25%]
........................................................................ [ 25%]
........................................................................ [ 26%]
........................................................................ [ 26%]
..............................................F......................... [ 26%]
........................................................................ [ 26%]
...........F..F.sss..................................................... [ 26%]
........................................................................ [ 26%]
.................................................................s...... [ 27%]
........................................................................ [ 27%]
........................................................................ [ 27%]
.........ssssss..........F..........E................................... [ 27%]
..........................F............................................. [ 27%]
.............................................................ss......... [ 28%]
................F................F...................................... [ 28%]
.............F..........................................F............... [ 28%]
........................................................................ [ 28%]
........................................................................ [ 28%]
........................................................................ [ 29%]
........................................................................ [ 29%]
.......................................................................F [ 29%]
.................................................F...................... [ 29%]
.....................................................F..........F...F... [ 29%]
F..F.....F.....................F........................................ [ 29%]
........ss.ssss..........................sF.Fssssssss................... [ 30%]
.................................................................s...... [ 30%]
......................................F.............................s... [ 30%]
.......F..F...F.................F....................................... [ 30%]
........................................................................ [ 30%]
........................................................................ [ 31%]
........................................................................ [ 31%]
..F..................................................................... [ 31%]
....................F..F................................................ [ 31%]
............................F........F........................F......... [ 31%]
........................................................................ [ 32%]
................................ss...................................... [ 32%]
...............s...............................................s.sss.... [ 32%]
.....s.................................................................. [ 32%]
........................................................................ [ 32%]
........................................................................ [ 32%]
.......................................................F..F....F.F..F.F. [ 33%]
.F..F..........Fs....................................................... [ 33%]
ss........F..F..F.ssssss.F....................F..........F...F..F...F... [ 33%]
.F...F....F.......F......F...F...FF.FFFE.F...F.F........................ [ 33%]
........................................................................ [ 33%]
................s.............F.F...F.....F.F..................F........ [ 34%]
..................................................................F..... [ 34%]
........................................................................ [ 34%]
..F......................F.............................................. [ 34%]
.............................F........................F................. [ 34%]
....................................................................F... [ 34%]
...................................................s..........s......... [ 35%]
..........................FFF.........................................F. [ 35%]
........................................................................ [ 35%]
...................................................F.................... [ 35%]
.....................F.....................F..FF....F................... [ 35%]
....................F.......F.FFF....F.............................F.F.. [ 36%]
.F.............................................F........................ [ 36%]
........................................................................ [ 36%]
...F....F............................................................... [ 36%]
........................................................................ [ 36%]
.....................................................F.................. [ 37%]
........................................................................ [ 37%]
........................................................................ [ 37%]
..........................F........................................F.... [ 37%]
........................................................................ [ 37%]
...............................................................sss...... [ 37%]
............................................ssss....................F... [ 38%]
.......F................................................................ [ 38%]
.........F....................F..F...F...F..F.F.....FFFF.F.............. [ 38%]
........................................................................ [ 38%]
..................sssssssssss........................................... [ 38%]
...F.............................F...................................... [ 39%]
........................s.sssssss...........Fs...........F...F...s...... [ 39%]
....F..F..................................................F............s [ 39%]
..............................................F......................... [ 39%]
..................................F.F................................... [ 39%]
....................F..F.............F................................F. [ 40%]
...........................s.................................F.F.F..F.F. [ 40%]
..F..................................................................... [ 40%]
................................................F..F.................F.. [ 40%]
....F.F.F...F......F...F..F.......F...F................F.F.F............ [ 40%]
.................F..FFF.FF..........FFFF.F.F.F.F.F..F.FF..FFFFFFF.FFFF.F [ 40%]
.F.F.......F.F..FF...F..F..F...F...F..F...F....F....F...F...F........... [ 41%]
..........................................F...F..F.F.................... [ 41%]
........F..F.................F......F........F.F.............F.......... [ 41%]
..........................................................F..F..F....... [ 41%]
F....sssssss..................F............F..................F.F.FFF... [ 41%]
F....................................................................... [ 42%]
........................ssss............................................ [ 42%]
........................................................................ [ 42%]
.................................sssss.................................. [ 42%]
...............................................................s........ [ 42%]
.......................F.F................................F..........F.. [ 42%]
..............................................................F......... [ 43%]
........................................s............................... [ 43%]
................................................s.......F............... [ 43%]
.s..s....s...................F.ss.sssss..........F....................F. [ 43%]
F..................s...ss.sss..............s............................ [ 43%]
........................................................................ [ 44%]
.............FF......................................................... [ 44%]
........................................................................ [ 44%]
.....................................................................F.. [ 44%]
Fss....F.....F..F..............................F.......s.........F...... [ 44%]
.....F...................s..........s.......F........ss.....ssssss...... [ 45%]
..................................F.....F......F.......................F [ 45%]
..F.F.....F..F.F.....................F...F.............................. [ 45%]
....................................F..................................F [ 45%]
........................................................................ [ 45%]
........F...........................F...........................F....... [ 45%]
...ss............F............................F......s.................. [ 46%]
........................................................................ [ 46%]
.....................s.......................F.......................... [ 46%]
........................................................................ [ 46%]
........................................................................ [ 46%]
........F............................................................... [ 47%]
......................F.F...F..................................F........ [ 47%]
.................................................................s...... [ 47%]
...........ssss....F.............F...................................... [ 47%]
........................................................................ [ 47%]
........................................................................ [ 48%]
........................................................................ [ 48%]
........................................................................ [ 48%]
................F........s..........................s................... [ 48%]
........................................................................ [ 48%]
........................................................................ [ 48%]
........................................................................ [ 49%]
........................................................................ [ 49%]
..........sFF.F..F....F................................................. [ 49%]
.............................................................F.......... [ 49%]
.........F.....s.................................................F...... [ 49%]
..........................F............................................. [ 50%]
........................................................................ [ 50%]
........................................................................ [ 50%]
......s................F....F........................................... [ 50%]
...........F.......................F...F...F...F...F...F...F.........F.. [ 50%]
.....F...................FF..FF..F..FF..F....F...F...F...F...FF..FF..F.. [ 50%]
.F......F.....F....F.......F.....F.....F................................ [ 51%]
........................................F............................... [ 51%]
......................................F....F............................ [ 51%]
...........................................s...s..........ss.......ss.s. [ 51%]
...............ss....................................................... [ 51%]
................F.......................F..F..F..F...F...F.F....F...F.F. [ 52%]
..F...F...F............................................................. [ 52%]
.......................s................................................ [ 52%]
........................s............................................... [ 52%]
............................................................F........... [ 52%]
...........ssss................................................F.F....F. [ 53%]
....F..F..........F.............................................[gw1] node down: Not properly terminated
F..F..................................................F.........ssssss.. [ 53%]
........................................................................ [ 53%]
......E.....E...E..F...EF.F..E..E..E..E.....EE....E.E....E.E............ [ 53%]
........................................................................ [ 53%]
........................................................................ [ 54%]
..........................................FF...F..F.F...F.F..F....F..... [ 54%]
..............F...............F..........F...........s.................. [ 54%]
........................................................................ [ 54%]
.............................F....................................F..... [ 54%]
...................F..............................F......s.......F...... [ 55%]
..........F.FF...F.F...........F.F.......F.............................. [ 55%]
.................s.......................F.............................. [ 55%]
..F....................................................................s [ 55%]
......F................................................................. [ 55%]
..........................F.....................F....F.................. [ 55%]
...............F.F.............................F...FF................... [ 56%]
....................................F................F.................. [ 56%]
....................................................................sss. [ 56%]
.....................F.........................F..........F..F.......... [ 56%]
F....Fs.....ssss.............................................F.......... [ 56%]
..............................................F.................F....F.. [ 57%]
...F...FF...F.F........F....F...F.....................s................. [ 57%]
.................................ss...........................s......... [ 57%]
.................s...................................................... [ 57%]
...............F.............F........................F................. [ 57%]
....................F............................F...................... [ 58%]
......F............................F.................................... [ 58%]
..............................F...............................F......... [ 58%]
...........F............................................................ [ 58%]
...........F.........EEEE....F...................................F...... [ 58%]
.....F.....................F....F............F....F..................... [ 58%]
........................................................................ [ 59%]
........................................................................ [ 59%]
........................................................................ [ 59%]
........................................................................ [ 59%]
........................................................................ [ 59%]
............................................................F........... [ 60%]
F..F.............F......F.......F..........F..F..........F..........F... [ 60%]
.......F..........F......ssssss......FF...F.F....F.............FF.F..... [ 60%]
.......F.........F............................F...........F.........F... [ 60%]
.....F..F...........F..........F.........F..F........................... [ 60%]
F..F.F.........F......F.......F.....................................F... [ 61%]
F....................................................................... [ 61%]
.........................................F.............................. [ 61%]
............................s.s.s.....s................................. [ 61%]
...sssssssssss...................................................F..F... [ 61%]
........................................................................ [ 61%]
........................................................................ [ 62%]
.........................ss............................................. [ 62%]
........F............................................F....F....F......F. [ 62%]
...F.................................................................... [ 62%]
........................................................................ [ 62%]
........................................................................ [ 63%]
........................................................................ [ 63%]
.............F....................................F..........F.......... [ 63%]
........................................................................ [ 63%]
..........sssssssssss.............................................F....F [ 63%]
........................................................................ [ 63%]
................F...................................................F... [ 64%]
.F.F.F..F.F...................s.s....................................... [ 64%]
...................F.F.F................................................ [ 64%]
........................................................................ [ 64%]
........................................................................ [ 64%]
........................................................................ [ 65%]
.................................ss.sss.s............................... [ 65%]
........................................................................ [ 65%]
.....................................FF..F.F..F..F...................... [ 65%]
..ss............................................................F....... [ 65%]
.....................................FF....F............................ [ 66%]
........................................................................ [ 66%]
........................................................................ [ 66%]
........................................................................ [ 66%]
........................................................................ [ 66%]
........F...................F........................................... [ 66%]
...F.................................................F.................. [ 67%]
.....................F.......................F.....................F.... [ 67%]
...............F.....F..F..F.F...F..FF......s...............F........... [ 67%]
..............F........................................F.......F..ssssss [ 67%]
s.ssF.................................F..F.............................. [ 67%]
........................................................................ [ 68%]
........................................................................ [ 68%]
.FF.F.F.F...F..FFFFF...F................................................ [ 68%]
F.............................s......................................... [ 68%]
........s..F.....F...Fsss...s...F..F......sssss......................... [ 68%]
............................F........................................... [ 69%]
.............F......F..............................sss..F............... [ 69%]
...................F........F....F...F..............ssssss.............. [ 69%]
...............................................................sss...... [ 69%]
.....................................................................F.. [ 69%]
F........F.............................................................. [ 69%]
.F...s.................................................................. [ 70%]
.......................F..............F................................. [ 70%]
...............F.......................F.....F.......................... [ 70%]
......................................................F................. [ 70%]
.........................F..F.F.F.......F..F............................ [ 70%]
........................................................................ [ 71%]
.........F......F....................................................... [ 71%]
...................F.F.................................................. [ 71%]
............................F........................................... [ 71%]
.................................................................F.....F [ 71%]
.....F.................................................................. [ 71%]
........................................................................ [ 72%]
...............................................F..................F..... [ 72%]
.................................F..F..F....FFF....F.................... [ 72%]
....INTERNALERROR> >   ???
INTERNALERROR> E   AssertionError: Traceback (most recent call last):
INTERNALERROR> E       File "C:\Users\chira\kova-agent-archive-v1\.venv\Lib\site-packages\_pytest\main.py", line 330, in wrap_session
INTERNALERROR> E         session.exitstatus = doit(config, session) or 0
INTERNALERROR> E                              ^^^^^^^^^^^^^^^^^^^^^
INTERNALERROR> E       File "C:\Users\chira\kova-agent-archive-v1\.venv\Lib\site-packages\_pytest\main.py", line 384, in _main
INTERNALERROR> E         config.hook.pytest_runtestloop(session=session)
INTERNALERROR> E       File "C:\Users\chira\kova-agent-archive-v1\.venv\Lib\site-packages\pluggy\_hooks.py", line 512, in __call__
INTERNALERROR> E         return self._hookexec(self.name, self._hookimpls.copy(), kwargs, firstresult)
INTERNALERROR> E                ^^^^^^^^^^^^^^^^^^^^^^^^^^^^^^^^^^^^^^^^^^^^^^^^^^^^^^^^^^^^^^^^^^^^^^
INTERNALERROR> E       File "C:\Users\chira\kova-agent-archive-v1\.venv\Lib\site-packages\pluggy\_manager.py", line 120, in _hookexec
INTERNALERROR> E         return self._inner_hookexec(hook_name, methods, kwargs, firstresult)
INTERNALERROR> E                ^^^^^^^^^^^^^^^^^^^^^^^^^^^^^^^^^^^^^^^^^^^^^^^^^^^^^^^^^^^^^
INTERNALERROR> E       File "C:\Users\chira\kova-agent-archive-v1\.venv\Lib\site-packages\pluggy\_callers.py", line 167, in _multicall
INTERNALERROR> E         raise exception
INTERNALERROR> E       File "C:\Users\chira\kova-agent-archive-v1\.venv\Lib\site-packages\pluggy\_callers.py", line 139, in _multicall
INTERNALERROR> E         teardown.throw(exception)
INTERNALERROR> E       File "C:\Users\chira\kova-agent-archive-v1\.venv\Lib\site-packages\_pytest\logging.py", line 816, in pytest_runtestloop
INTERNALERROR> E         return (yield)  # Run all the tests.
INTERNALERROR> E                 ^^^^^
INTERNALERROR> E       File "C:\Users\chira\kova-agent-archive-v1\.venv\Lib\site-packages\pluggy\_callers.py", line 139, in _multicall
INTERNALERROR> E         teardown.throw(exception)
INTERNALERROR> E       File "C:\Users\chira\kova-agent-archive-v1\.venv\Lib\site-packages\_pytest\terminal.py", line 708, in pytest_runtestloop
INTERNALERROR> E         result = yield
INTERNALERROR> E                  ^^^^^
INTERNALERROR> E       File "C:\Users\chira\kova-agent-archive-v1\.venv\Lib\site-packages\pluggy\_callers.py", line 121, in _multicall
INTERNALERROR> E         res = hook_impl.function(*args)
INTERNALERROR> E               ^^^^^^^^^^^^^^^^^^^^^^^^^
INTERNALERROR> E       File "C:\Users\chira\kova-agent-archive-v1\.venv\Lib\site-packages\xdist\remote.py", line 206, in pytest_runtestloop
INTERNALERROR> E         self.run_one_test()
INTERNALERROR> E       File "C:\Users\chira\kova-agent-archive-v1\.venv\Lib\site-packages\xdist\remote.py", line 227, in run_one_test
INTERNALERROR> E         self.config.hook.pytest_runtest_protocol(item=item, nextitem=nextitem)
INTERNALERROR> E       File "C:\Users\chira\kova-agent-archive-v1\.venv\Lib\site-packages\pluggy\_hooks.py", line 512, in __call__
INTERNALERROR> E         return self._hookexec(self.name, self._hookimpls.copy(), kwargs, firstresult)
INTERNALERROR> E                ^^^^^^^^^^^^^^^^^^^^^^^^^^^^^^^^^^^^^^^^^^^^^^^^^^^^^^^^^^^^^^^^^^^^^^
INTERNALERROR> E       File "C:\Users\chira\kova-agent-archive-v1\.venv\Lib\site-packages\pluggy\_manager.py", line 120, in _hookexec
INTERNALERROR> E         return self._inner_hookexec(hook_name, methods, kwargs, firstresult)
INTERNALERROR> E                ^^^^^^^^^^^^^^^^^^^^^^^^^^^^^^^^^^^^^^^^^^^^^^^^^^^^^^^^^^^^^
INTERNALERROR> E       File "C:\Users\chira\kova-agent-archive-v1\.venv\Lib\site-packages\pluggy\_callers.py", line 167, in _multicall
INTERNALERROR> E         raise exception
INTERNALERROR> E       File "C:\Users\chira\kova-agent-archive-v1\.venv\Lib\site-packages\pluggy\_callers.py", line 139, in _multicall
INTERNALERROR> E         teardown.throw(exception)
INTERNALERROR> E       File "C:\Users\chira\kova-agent-archive-v1\.venv\Lib\site-packages\_pytest\warnings.py", line 90, in pytest_runtest_protocol
INTERNALERROR> E         return (yield)
INTERNALERROR> E                 ^^^^^
INTERNALERROR> E       File "C:\Users\chira\kova-agent-archive-v1\.venv\Lib\site-packages\pluggy\_callers.py", line 139, in _multicall
INTERNALERROR> E         teardown.throw(exception)
INTERNALERROR> E       File "C:\Users\chira\kova-agent-archive-v1\.venv\Lib\site-packages\_pytest\assertion\__init__.py", line 205, in pytest_runtest_protocol
INTERNALERROR> E         return (yield)
INTERNALERROR> E                 ^^^^^
INTERNALERROR> E       File "C:\Users\chira\kova-agent-archive-v1\.venv\Lib\site-packages\pluggy\_callers.py", line 139, in _multicall
INTERNALERROR> E         teardown.throw(exception)
INTERNALERROR> E       File "C:\Users\chira\kova-agent-archive-v1\.venv\Lib\site-packages\pluggy\_callers.py", line 53, in run_old_style_hookwrapper
INTERNALERROR> E         return result.get_result()
INTERNALERROR> E                ^^^^^^^^^^^^^^^^^^^
INTERNALERROR> E       File "C:\Users\chira\kova-agent-archive-v1\.venv\Lib\site-packages\pluggy\_result.py", line 103, in get_result
INTERNALERROR> E         raise exc.with_traceback(tb)
INTERNALERROR> E       File "C:\Users\chira\kova-agent-archive-v1\.venv\Lib\site-packages\pluggy\_callers.py", line 38, in run_old_style_hookwrapper
INTERNALERROR> E         res = yield
INTERNALERROR> E               ^^^^^
INTERNALERROR> E       File "C:\Users\chira\kova-agent-archive-v1\.venv\Lib\site-packages\pluggy\_callers.py", line 139, in _multicall
INTERNALERROR> E         teardown.throw(exception)
INTERNALERROR> E       File "C:\Users\chira\kova-agent-archive-v1\.venv\Lib\site-packages\_pytest\unittest.py", line 612, in pytest_runtest_protocol
INTERNALERROR> E         return (yield)
INTERNALERROR> E                 ^^^^^
INTERNALERROR> E       File "C:\Users\chira\kova-agent-archive-v1\.venv\Lib\site-packages\pluggy\_callers.py", line 139, in _multicall
INTERNALERROR> E         teardown.throw(exception)
INTERNALERROR> E       File "C:\Users\chira\kova-agent-archive-v1\.venv\Lib\site-packages\_pytest\faulthandler.py", line 102, in pytest_runtest_protocol
INTERNALERROR> E         return (yield)
INTERNALERROR> E                 ^^^^^
INTERNALERROR> E       File "C:\Users\chira\kova-agent-archive-v1\.venv\Lib\site-packages\pluggy\_callers.py", line 121, in _multicall
INTERNALERROR> E         res = hook_impl.function(*args)
INTERNALERROR> E               ^^^^^^^^^^^^^^^^^^^^^^^^^
INTERNALERROR> E       File "C:\Users\chira\kova-agent-archive-v1\.venv\Lib\site-packages\_pytest\runner.py", line 118, in pytest_runtest_protocol
INTERNALERROR> E         runtestprotocol(item, nextitem=nextitem)
INTERNALERROR> E       File "C:\Users\chira\kova-agent-archive-v1\.venv\Lib\site-packages\_pytest\runner.py", line 139, in runtestprotocol
INTERNALERROR> E         reports.append(call_and_report(item, "call", log))
INTERNALERROR> E                        ^^^^^^^^^^^^^^^^^^^^^^^^^^^^^^^^^^
INTERNALERROR> E       File "C:\Users\chira\kova-agent-archive-v1\.venv\Lib\site-packages\_pytest\runner.py", line 254, in call_and_report
INTERNALERROR> E         report: TestReport = ihook.pytest_runtest_makereport(item=item, call=call)
INTERNALERROR> E                              ^^^^^^^^^^^^^^^^^^^^^^^^^^^^^^^^^^^^^^^^^^^^^^^^^^^^^
INTERNALERROR> E       File "C:\Users\chira\kova-agent-archive-v1\.venv\Lib\site-packages\pluggy\_hooks.py", line 512, in __call__
INTERNALERROR> E         return self._hookexec(self.name, self._hookimpls.copy(), kwargs, firstresult)
INTERNALERROR> E                ^^^^^^^^^^^^^^^^^^^^^^^^^^^^^^^^^^^^^^^^^^^^^^^^^^^^^^^^^^^^^^^^^^^^^^
INTERNALERROR> E       File "C:\Users\chira\kova-agent-archive-v1\.venv\Lib\site-packages\pluggy\_manager.py", line 120, in _hookexec
INTERNALERROR> E         return self._inner_hookexec(hook_name, methods, kwargs, firstresult)
INTERNALERROR> E                ^^^^^^^^^^^^^^^^^^^^^^^^^^^^^^^^^^^^^^^^^^^^^^^^^^^^^^^^^^^^^
INTERNALERROR> E       File "C:\Users\chira\kova-agent-archive-v1\.venv\Lib\site-packages\pluggy\_callers.py", line 167, in _multicall
INTERNALERROR> E         raise exception
INTERNALERROR> E       File "C:\Users\chira\kova-agent-archive-v1\.venv\Lib\site-packages\pluggy\_callers.py", line 139, in _multicall
INTERNALERROR> E         teardown.throw(exception)
INTERNALERROR> E       File "C:\Users\chira\kova-agent-archive-v1\.venv\Lib\site-packages\_pytest\tmpdir.py", line 347, in pytest_runtest_makereport
INTERNALERROR> E         rep = yield
INTERNALERROR> E               ^^^^^
INTERNALERROR> E       File "C:\Users\chira\kova-agent-archive-v1\.venv\Lib\site-packages\pluggy\_callers.py", line 139, in _multicall
INTERNALERROR> E         teardown.throw(exception)
INTERNALERROR> E       File "C:\Users\chira\kova-agent-archive-v1\.venv\Lib\site-packages\_pytest\skipping.py", line 280, in pytest_runtest_makereport
INTERNALERROR> E         rep = yield
INTERNALERROR> E               ^^^^^
INTERNALERROR> E       File "C:\Users\chira\kova-agent-archive-v1\.venv\Lib\site-packages\pluggy\_callers.py", line 121, in _multicall
INTERNALERROR> E         res = hook_impl.function(*args)
INTERNALERROR> E               ^^^^^^^^^^^^^^^^^^^^^^^^^
INTERNALERROR> E       File "C:\Users\chira\kova-agent-archive-v1\.venv\Lib\site-packages\_pytest\runner.py", line 385, in pytest_runtest_makereport
INTERNALERROR> E         return TestReport.from_item_and_call(item, call)
INTERNALERROR> E                ^^^^^^^^^^^^^^^^^^^^^^^^^^^^^^^^^^^^^^^^^
INTERNALERROR> E       File "C:\Users\chira\kova-agent-archive-v1\.venv\Lib\site-packages\_pytest\reports.py", line 438, in from_item_and_call
INTERNALERROR> E         longrepr = _format_failed_longrepr(item, call, excinfo)
INTERNALERROR> E                    ^^^^^^^^^^^^^^^^^^^^^^^^^^^^^^^^^^^^^^^^^^^^
INTERNALERROR> E       File "C:\Users\chira\kova-agent-archive-v1\.venv\Lib\site-packages\_pytest\reports.py", line 263, in _format_failed_longrepr
INTERNALERROR> E         longrepr = item.repr_failure(excinfo)
INTERNALERROR> E                    ^^^^^^^^^^^^^^^^^^^^^^^^^^
INTERNALERROR> E       File "C:\Users\chira\kova-agent-archive-v1\.venv\Lib\site-packages\_pytest\python.py", line 1749, in repr_failure
INTERNALERROR> E         return self._repr_failure_py(excinfo, style=style)
INTERNALERROR> E                ^^^^^^^^^^^^^^^^^^^^^^^^^^^^^^^^^^^^^^^^^^^
INTERNALERROR> E       File "C:\Users\chira\kova-agent-archive-v1\.venv\Lib\site-packages\_pytest\nodes.py", line 444, in _repr_failure_py
INTERNALERROR> E         abspath = Path(os.getcwd()) != self.config.invocation_params.dir
INTERNALERROR> E                   ^^^^^^^^^^^^^^^^^
INTERNALERROR> E       File "C:\Users\chira\AppData\Local\kova\hermes-agent\.hermes-runtime\python\generation-1787421594-21304-dfed36d7\cpython-3.11-windows-x86_64-none\Lib\pathlib.py", line 873, in __new__
INTERNALERROR> E         raise NotImplementedError("cannot instantiate %r on your system"
INTERNALERROR> E     NotImplementedError: cannot instantiate 'PosixPath' on your system
INTERNALERROR> E   assert False
INTERNALERROR> 
INTERNALERROR> C:\Users\chira\kova-agent\.venv\Lib\site-packages\xdist\dsession.py:232: AssertionError
............F.....FF......FF....F...F--- Logging error ---
Traceback (most recent call last):
  File "C:\Users\chira\AppData\Local\kova\hermes-agent\.hermes-runtime\python\generation-1787421594-21304-dfed36d7\cpython-3.11-windows-x86_64-none\Lib\logging\__init__.py", line 1113, in emit
    stream.write(msg + self.terminator)
ValueError: I/O operation on closed file.
Call stack:
  File "C:\Users\chira\kova-agent-new\plugins\memory\openviking\__init__.py", line 295, in _atexit_commit_sessions
    provider.on_session_end([])
  File "C:\Users\chira\kova-agent-new\plugins\memory\openviking\__init__.py", line 4758, in on_session_end
    if not self._ensure_client():
  File "C:\Users\chira\kova-agent-new\plugins\memory\openviking\__init__.py", line 2867, in _ensure_client
    return self._ensure_client_locked()
  File "C:\Users\chira\kova-agent-new\plugins\memory\openviking\__init__.py", line 2959, in _ensure_client_locked
    self._handle_runtime_openviking_unreachable()
  File "C:\Users\chira\kova-agent-new\plugins\memory\openviking\__init__.py", line 2737, in _handle_runtime_openviking_unreachable
    _emit_runtime_warning(
  File "C:\Users\chira\kova-agent-new\plugins\memory\openviking\__init__.py", line 1686, in _emit_runtime_warning
    logger.warning("%s", message)
Message: '%s'
Arguments: ('Local OpenViking server at http://127.0.0.1:1933 is not reachable. openviking-server was not found on PATH. Start it manually, then retry. OpenViking memory is temporarily unavailable; Kova will retry on a later access or when the config changes.',)
INTERNALERROR> Traceback (most recent call last):
INTERNALERROR>   File "C:\Users\chira\kova-agent-archive-v1\.venv\Lib\site-packages\_pytest\main.py", line 330, in wrap_session
INTERNALERROR>     session.exitstatus = doit(config, session) or 0
INTERNALERROR>                          ^^^^^^^^^^^^^^^^^^^^^
INTERNALERROR>   File "C:\Users\chira\kova-agent-archive-v1\.venv\Lib\site-packages\_pytest\main.py", line 384, in _main
INTERNALERROR>     config.hook.pytest_runtestloop(session=session)
INTERNALERROR>   File "C:\Users\chira\kova-agent-archive-v1\.venv\Lib\site-packages\pluggy\_hooks.py", line 512, in __call__
INTERNALERROR>     return self._hookexec(self.name, self._hookimpls.copy(), kwargs, firstresult)
INTERNALERROR>            ^^^^^^^^^^^^^^^^^^^^^^^^^^^^^^^^^^^^^^^^^^^^^^^^^^^^^^^^^^^^^^^^^^^^^^
INTERNALERROR>   File "C:\Users\chira\kova-agent-archive-v1\.venv\Lib\site-packages\pluggy\_manager.py", line 120, in _hookexec
INTERNALERROR>     return self._inner_hookexec(hook_name, methods, kwargs, firstresult)
INTERNALERROR>            ^^^^^^^^^^^^^^^^^^^^^^^^^^^^^^^^^^^^^^^^^^^^^^^^^^^^^^^^^^^^^
INTERNALERROR>   File "C:\Users\chira\kova-agent-archive-v1\.venv\Lib\site-packages\pluggy\_callers.py", line 167, in _multicall
INTERNALERROR>     raise exception
INTERNALERROR>   File "C:\Users\chira\kova-agent-archive-v1\.venv\Lib\site-packages\pluggy\_callers.py", line 139, in _multicall
INTERNALERROR>     teardown.throw(exception)
INTERNALERROR>   File "C:\Users\chira\kova-agent-archive-v1\.venv\Lib\site-packages\_pytest\logging.py", line 816, in pytest_runtestloop
INTERNALERROR>     return (yield)  # Run all the tests.
INTERNALERROR>             ^^^^^
INTERNALERROR>   File "C:\Users\chira\kova-agent-archive-v1\.venv\Lib\site-packages\pluggy\_callers.py", line 139, in _multicall
INTERNALERROR>     teardown.throw(exception)
INTERNALERROR>   File "C:\Users\chira\kova-agent-archive-v1\.venv\Lib\site-packages\_pytest\terminal.py", line 708, in pytest_runtestloop
INTERNALERROR>     result = yield
INTERNALERROR>              ^^^^^
INTERNALERROR>   File "C:\Users\chira\kova-agent-archive-v1\.venv\Lib\site-packages\pluggy\_callers.py", line 121, in _multicall
INTERNALERROR>     res = hook_impl.function(*args)
INTERNALERROR>           ^^^^^^^^^^^^^^^^^^^^^^^^^
INTERNALERROR>   File "C:\Users\chira\kova-agent\.venv\Lib\site-packages\xdist\dsession.py", line 138, in pytest_runtestloop
INTERNALERROR>   File "C:\Users\chira\kova-agent\.venv\Lib\site-packages\xdist\dsession.py", line 163, in loop_once
INTERNALERROR>   File "C:\Users\chira\kova-agent\.venv\Lib\site-packages\xdist\dsession.py", line 217, in worker_workerfinished
INTERNALERROR> AssertionError: ('tests/tools/test_browser_npx_warmup.py::test_runs_in_its_own_process_group_on_posix', <WorkerController gw6>)
INTERNALERROR> assert not 'tests/tools/test_browser_npx_warmup.py::test_runs_in_its_own_process_group_on_posix'

777 failed, 26895 passed, 432 skipped, 1 xfailed, 218 warnings, 42 errors in 2155.34s (0:35:55)
